AR pll_all behavioral //aristoteles/kimei/MASTER/COMPET/Trigger/HW/HDL/CRU/PLL_ALL.vhd sub00/vhpl03 1295958638
PH constants NULL //aristoteles/kimei/MASTER/COMPET/Trigger/HW/HDL/Shared/constants.vhd sub00/vhpl05 1295946368
EN pll_all NULL //aristoteles/kimei/MASTER/COMPET/Trigger/HW/HDL/CRU/PLL_ALL.vhd sub00/vhpl02 1295958637
AR a2s rtl //aristoteles/kimei/MASTER/COMPET/Trigger/HW/HDL/Shared/a2s.vhd sub00/vhpl07 1295946373
EN cru NULL //aristoteles/kimei/MASTER/COMPET/Trigger/HW/HDL/CRU/CRU.vhd sub00/vhpl00 1295958635
EN a2s NULL //aristoteles/kimei/MASTER/COMPET/Trigger/HW/HDL/Shared/a2s.vhd sub00/vhpl06 1295946372
PH components NULL //aristoteles/kimei/MASTER/COMPET/Trigger/HW/HDL/Shared/components.vhd sub00/vhpl04 1295958632
AR cru behavioral //aristoteles/kimei/MASTER/COMPET/Trigger/HW/HDL/CRU/CRU.vhd sub00/vhpl01 1295958636
