V3 21
FL //aristoteles/kimei/MASTER/COMPET/Trigger/HW/HDL/CRU/COREgen/PLL_ALL.vhd 2011/01/25.13:20:52 K.39
EN work/PLL_ALL 1295958637 \
      FL //aristoteles/kimei/MASTER/COMPET/Trigger/HW/HDL/CRU/COREgen/PLL_ALL.vhd \
      PB ieee/std_logic_1164 1217055545 PH ieee/NUMERIC_STD 1217055545 LB UNISIM \
      PH unisim/VCOMPONENTS 1217055545
AR work/PLL_ALL/BEHAVIORAL 1295958638 \
      FL //aristoteles/kimei/MASTER/COMPET/Trigger/HW/HDL/CRU/COREgen/PLL_ALL.vhd \
      EN work/PLL_ALL 1295958637 CP IBUFG CP BUFG CP PLL_ADV
FL //aristoteles/kimei/MASTER/COMPET/Trigger/HW/HDL/CRU/CRU.vhd 2011/01/25.10:07:01 K.39
EN work/CRU 1295958635 \
      FL //aristoteles/kimei/MASTER/COMPET/Trigger/HW/HDL/CRU/CRU.vhd \
      PB ieee/std_logic_1164 1217055545 PB ieee/std_logic_arith 1217055546 \
      PB ieee/STD_LOGIC_UNSIGNED 1217055547 LB UNISIM PH unisim/VCOMPONENTS 1217055545 \
      PH work/components 1295958632
AR work/CRU/Behavioral 1295958636 \
      FL //aristoteles/kimei/MASTER/COMPET/Trigger/HW/HDL/CRU/CRU.vhd EN work/CRU 1295958635 \
      CP PLL_ALL
FL //aristoteles/kimei/MASTER/COMPET/Trigger/HW/HDL/CRU/PLL_ALL.vhd 2011/01/25.13:28:43 K.39
FL //aristoteles/kimei/MASTER/COMPET/Trigger/HW/HDL/Shared/a2s.vhd 2011/01/18.15:23:50 K.39
EN work/a2s 1295946372 \
      FL //aristoteles/kimei/MASTER/COMPET/Trigger/HW/HDL/Shared/a2s.vhd \
      PB ieee/std_logic_1164 1217055545 PH ieee/NUMERIC_STD 1217055545 \
      PH work/constants 1295946368
AR work/a2s/rtl 1295946373 \
      FL //aristoteles/kimei/MASTER/COMPET/Trigger/HW/HDL/Shared/a2s.vhd \
      EN work/a2s 1295946372
FL //aristoteles/kimei/MASTER/COMPET/Trigger/HW/HDL/Shared/components.vhd 2011/01/18.15:20:49 K.39
PH work/components 1295958632 \
      FL //aristoteles/kimei/MASTER/COMPET/Trigger/HW/HDL/Shared/components.vhd \
      PB ieee/std_logic_1164 1217055545 PH ieee/NUMERIC_STD 1217055545 CD PLL_ALL \
      CD a2s
FL //aristoteles/kimei/MASTER/COMPET/Trigger/HW/HDL/Shared/constants.vhd 2011/01/18.13:37:19 K.39
PH work/constants 1295946368 \
      FL //aristoteles/kimei/MASTER/COMPET/Trigger/HW/HDL/Shared/constants.vhd \
      PB ieee/std_logic_1164 1217055545 PH ieee/NUMERIC_STD 1217055545
