V3 24
FL //aristoteles/kimei/MASTER/COMPET/Trigger/HW/HDL/CRU/CRU.vhd 2011/02/15.12:22:56 K.39
EN work/CRU 1298024768 \
      FL //aristoteles/kimei/MASTER/COMPET/Trigger/HW/HDL/CRU/CRU.vhd \
      PB ieee/std_logic_1164 1217055545 PB ieee/std_logic_arith 1217055546 \
      PB ieee/STD_LOGIC_UNSIGNED 1217055547 LB UNISIM PH unisim/VCOMPONENTS 1217055545 \
      PH work/components 1298024765 PH work/constants 1298024764
AR work/CRU/Behavioral 1298024769 \
      FL //aristoteles/kimei/MASTER/COMPET/Trigger/HW/HDL/CRU/CRU.vhd EN work/CRU 1298024768 \
      CP PLL_ALL CP OBUFDS CP ODDR CP IBUFG
FL //aristoteles/kimei/MASTER/COMPET/Trigger/HW/HDL/CRU/PLL_ALL.vhd 2011/02/14.15:41:09 K.39
EN work/PLL_ALL 1298024766 \
      FL //aristoteles/kimei/MASTER/COMPET/Trigger/HW/HDL/CRU/PLL_ALL.vhd \
      PB ieee/std_logic_1164 1217055545 PH ieee/NUMERIC_STD 1217055545 LB UNISIM \
      PH unisim/VCOMPONENTS 1217055545
AR work/PLL_ALL/BEHAVIORAL 1298024767 \
      FL //aristoteles/kimei/MASTER/COMPET/Trigger/HW/HDL/CRU/PLL_ALL.vhd \
      EN work/PLL_ALL 1298024766 CP BUFG CP PLL_ADV
FL //aristoteles/kimei/MASTER/COMPET/Trigger/HW/HDL/Shared/components.vhd 2011/02/15.12:23:02 K.39
PH work/components 1298024765 \
      FL //aristoteles/kimei/MASTER/COMPET/Trigger/HW/HDL/Shared/components.vhd \
      PB ieee/std_logic_1164 1217055545 PH ieee/NUMERIC_STD 1217055545 \
      PH work/constants 1298024764 CD PLL_ALL CD a2s CD OBUFDS
FL //aristoteles/kimei/MASTER/COMPET/Trigger/HW/HDL/Shared/constants.vhd 2011/02/14.16:40:10 K.39
PH work/constants 1298024764 \
      FL //aristoteles/kimei/MASTER/COMPET/Trigger/HW/HDL/Shared/constants.vhd \
      PB ieee/std_logic_1164 1217055545 PH ieee/NUMERIC_STD 1217055545
FL //aristoteles/kimei/MASTER/COMPET/Trigger/HW/HDL/top/top.vhd 2011/02/15.12:22:07 K.39
EN work/top 1297768999 \
      FL //aristoteles/kimei/MASTER/COMPET/Trigger/HW/HDL/top/top.vhd \
      PB ieee/std_logic_1164 1217055545 PB ieee/std_logic_arith 1217055546 \
      PB ieee/STD_LOGIC_UNSIGNED 1217055547 LB UNISIM PH unisim/VCOMPONENTS 1217055545 \
      PH work/components 1298024765 PH work/constants 1298024764
AR work/top/Behavioral 1297769000 \
      FL //aristoteles/kimei/MASTER/COMPET/Trigger/HW/HDL/top/top.vhd EN work/top 1297768999 \
      CP CRU
