V3 24
FL //aristoteles/kimei/MASTER/COMPET/Trigger/HW/HDL/CRU/CRU.vhd 2011/02/15.12:22:56 K.39
EN work/CRU 1297771685 \
      FL //aristoteles/kimei/MASTER/COMPET/Trigger/HW/HDL/CRU/CRU.vhd \
      PB ieee/std_logic_1164 1217055545 PB ieee/std_logic_arith 1217055546 \
      PB ieee/STD_LOGIC_UNSIGNED 1217055547 LB UNISIM PH unisim/VCOMPONENTS 1217055545 \
      PH work/components 1297771682 PH work/constants 1297771681
AR work/CRU/Behavioral 1297771686 \
      FL //aristoteles/kimei/MASTER/COMPET/Trigger/HW/HDL/CRU/CRU.vhd EN work/CRU 1297771685 \
      CP PLL_ALL CP OBUFDS CP ODDR CP IBUFG
FL //aristoteles/kimei/MASTER/COMPET/Trigger/HW/HDL/CTU/PLL_ALL.vhd 2011/02/15.13:07:54 K.39
EN work/PLL_ALL 1297771683 \
      FL //aristoteles/kimei/MASTER/COMPET/Trigger/HW/HDL/CTU/PLL_ALL.vhd \
      PB ieee/std_logic_1164 1217055545 PH ieee/NUMERIC_STD 1217055545 LB UNISIM \
      PH unisim/VCOMPONENTS 1217055545
AR work/PLL_ALL/BEHAVIORAL 1297771684 \
      FL //aristoteles/kimei/MASTER/COMPET/Trigger/HW/HDL/CTU/PLL_ALL.vhd \
      EN work/PLL_ALL 1297771683 CP BUFG CP PLL_ADV
FL //aristoteles/kimei/MASTER/COMPET/Trigger/HW/HDL/Shared/components.vhd 2011/02/15.12:23:02 K.39
PH work/components 1297771682 \
      FL //aristoteles/kimei/MASTER/COMPET/Trigger/HW/HDL/Shared/components.vhd \
      PB ieee/std_logic_1164 1217055545 PH ieee/NUMERIC_STD 1217055545 CD PLL_ALL \
      CD a2s CD OBUFDS PH work/constants 1297771681
FL //aristoteles/kimei/MASTER/COMPET/Trigger/HW/HDL/Shared/constants.vhd 2011/02/14.16:40:10 K.39
PH work/constants 1297771681 \
      FL //aristoteles/kimei/MASTER/COMPET/Trigger/HW/HDL/Shared/constants.vhd \
      PB ieee/std_logic_1164 1217055545 PH ieee/NUMERIC_STD 1217055545
FL //aristoteles/kimei/MASTER/COMPET/Trigger/HW/HDL/top/top.vhd 2011/02/15.12:22:07 K.39
EN work/top 1297771687 \
      FL //aristoteles/kimei/MASTER/COMPET/Trigger/HW/HDL/top/top.vhd \
      PB ieee/std_logic_1164 1217055545 PB ieee/std_logic_arith 1217055546 \
      PB ieee/STD_LOGIC_UNSIGNED 1217055547 LB UNISIM PH unisim/VCOMPONENTS 1217055545 \
      PH work/components 1297771682 PH work/constants 1297771681
AR work/top/Behavioral 1297771688 \
      FL //aristoteles/kimei/MASTER/COMPET/Trigger/HW/HDL/top/top.vhd EN work/top 1297771687 \
      CP CRU
