AR pll_all behavioral //aristoteles/kimei/MASTER/COMPET/Trigger/HW/HDL/top/top/PLL_ALL.vhd sub00/vhpl07 1300352312
PH constants NULL //aristoteles/kimei/MASTER/COMPET/Trigger/HW/HDL/Shared/constants.vhd sub00/vhpl00 1300352301
EN pll_all NULL //aristoteles/kimei/MASTER/COMPET/Trigger/HW/HDL/top/top/PLL_ALL.vhd sub00/vhpl06 1300352311
PB functions functions //aristoteles/kimei/MASTER/COMPET/Trigger/HW/HDL/Shared/functions.vhd sub00/vhpl17 1300352304
EN com NULL //aristoteles/kimei/MASTER/COMPET/Trigger/HW/HDL/UART/com.vhd sub00/vhpl12 1300352317
AR a2s rtl //aristoteles/kimei/MASTER/COMPET/Trigger/HW/HDL/Shared/a2s.vhd sub00/vhpl05 1300352308
EN cru NULL //aristoteles/kimei/MASTER/COMPET/Trigger/HW/HDL/CRU/CRU.vhd sub00/vhpl08 1300352313
EN a2s NULL //aristoteles/kimei/MASTER/COMPET/Trigger/HW/HDL/Shared/a2s.vhd sub00/vhpl04 1300352307
EN sync_trigger NULL //aristoteles/kimei/MASTER/COMPET/Trigger/HW/HDL/Sync_Trigger/Sync_trigger.vhd sub00/vhpl10 1300352315
EN top NULL //aristoteles/kimei/MASTER/COMPET/Trigger/HW/HDL/top/top.vhd sub00/vhpl14 1300352319
PH components NULL //aristoteles/kimei/MASTER/COMPET/Trigger/HW/HDL/Shared/components.vhd sub00/vhpl01 1300352302
AR top behavioral //aristoteles/kimei/MASTER/COMPET/Trigger/HW/HDL/top/top.vhd sub00/vhpl15 1300352320
AR uart behavioral //aristoteles/kimei/MASTER/COMPET/Trigger/HW/HDL/UART/uart.vhd sub00/vhpl03 1300352306
AR com behavioral //aristoteles/kimei/MASTER/COMPET/Trigger/HW/HDL/UART/com.vhd sub00/vhpl13 1300352318
AR st_fsm fsm //aristoteles/kimei/MASTER/COMPET/Trigger/HW/HDL/Sync_Trigger/st_fsm.vhd sub00/vhpl19 1300352310
EN uart NULL //aristoteles/kimei/MASTER/COMPET/Trigger/HW/HDL/UART/uart.vhd sub00/vhpl02 1300352305
AR cru behavioral //aristoteles/kimei/MASTER/COMPET/Trigger/HW/HDL/CRU/CRU.vhd sub00/vhpl09 1300352314
PH functions NULL //aristoteles/kimei/MASTER/COMPET/Trigger/HW/HDL/Shared/functions.vhd sub00/vhpl16 1300352303
EN st_fsm NULL //aristoteles/kimei/MASTER/COMPET/Trigger/HW/HDL/Sync_Trigger/st_fsm.vhd sub00/vhpl18 1300352309
AR sync_trigger behavioral //aristoteles/kimei/MASTER/COMPET/Trigger/HW/HDL/Sync_Trigger/Sync_trigger.vhd sub00/vhpl11 1300352316
