V3 54
FL //aristoteles/kimei/MASTER/COMPET/Trigger/HW/HDL/CRU/CRU.vhd 2011/03/11.10:25:49 K.39
EN work/CRU 1300352313 \
      FL //aristoteles/kimei/MASTER/COMPET/Trigger/HW/HDL/CRU/CRU.vhd \
      PB ieee/std_logic_1164 1217055545 PB ieee/std_logic_arith 1217055546 \
      PB ieee/STD_LOGIC_UNSIGNED 1217055547 LB UNISIM PH unisim/VCOMPONENTS 1217055545 \
      PH work/components 1300352302 PH work/constants 1300352301
AR work/CRU/Behavioral 1300352314 \
      FL //aristoteles/kimei/MASTER/COMPET/Trigger/HW/HDL/CRU/CRU.vhd EN work/CRU 1300352313 \
      CP PLL_ALL CP OBUFDS CP ODDR CP IBUFG CP work/a2s
FL //aristoteles/kimei/MASTER/COMPET/Trigger/HW/HDL/Shared/a2s.vhd 2011/01/18.15:23:50 K.39
EN work/a2s 1300352307 \
      FL //aristoteles/kimei/MASTER/COMPET/Trigger/HW/HDL/Shared/a2s.vhd \
      PB ieee/std_logic_1164 1217055545 PH ieee/NUMERIC_STD 1217055545 \
      PH work/constants 1300352301
AR work/a2s/rtl 1300352308 \
      FL //aristoteles/kimei/MASTER/COMPET/Trigger/HW/HDL/Shared/a2s.vhd \
      EN work/a2s 1300352307
FL //aristoteles/kimei/MASTER/COMPET/Trigger/HW/HDL/Shared/components.vhd 2011/03/17.09:57:44 K.39
PH work/components 1300352302 \
      FL //aristoteles/kimei/MASTER/COMPET/Trigger/HW/HDL/Shared/components.vhd \
      PB ieee/std_logic_1164 1217055545 PH ieee/NUMERIC_STD 1217055545 \
      PH work/constants 1300352301 CD PLL_ALL CD CRU CD a2s CD sync_trigger CD uart \
      CD com CD st_fsm CD OBUFDS CD IBUFDS
FL //aristoteles/kimei/MASTER/COMPET/Trigger/HW/HDL/Shared/constants.vhd 2011/03/16.14:18:49 K.39
PH work/constants 1300352301 \
      FL //aristoteles/kimei/MASTER/COMPET/Trigger/HW/HDL/Shared/constants.vhd \
      PB ieee/std_logic_1164 1217055545 PH ieee/NUMERIC_STD 1217055545
FL //aristoteles/kimei/MASTER/COMPET/Trigger/HW/HDL/Shared/functions.vhd 2011/03/15.11:25:32 K.39
PH work/functions 1300352303 \
      FL //aristoteles/kimei/MASTER/COMPET/Trigger/HW/HDL/Shared/functions.vhd \
      PB ieee/std_logic_1164 1217055545
PB work/functions 1300352304 \
      FL //aristoteles/kimei/MASTER/COMPET/Trigger/HW/HDL/Shared/functions.vhd \
      PH work/functions 1300352303
FL //aristoteles/kimei/MASTER/COMPET/Trigger/HW/HDL/Sync_Trigger/st_fsm.vhd 2011/03/16.14:45:39 K.39
EN work/st_fsm 1300352309 \
      FL //aristoteles/kimei/MASTER/COMPET/Trigger/HW/HDL/Sync_Trigger/st_fsm.vhd \
      PB ieee/std_logic_1164 1217055545 PB ieee/std_logic_arith 1217055546 \
      PB ieee/STD_LOGIC_UNSIGNED 1217055547 LB UNISIM PH unisim/VCOMPONENTS 1217055545 \
      PH work/components 1300352302 PH work/constants 1300352301 PB work/functions 1300352304
AR work/st_fsm/FSM 1300352310 \
      FL //aristoteles/kimei/MASTER/COMPET/Trigger/HW/HDL/Sync_Trigger/st_fsm.vhd \
      EN work/st_fsm 1300352309
FL //aristoteles/kimei/MASTER/COMPET/Trigger/HW/HDL/Sync_Trigger/Sync_trigger.vhd 2011/03/16.15:33:55 K.39
EN work/sync_trigger 1300352315 \
      FL //aristoteles/kimei/MASTER/COMPET/Trigger/HW/HDL/Sync_Trigger/Sync_trigger.vhd \
      PB ieee/std_logic_1164 1217055545 PB ieee/std_logic_arith 1217055546 \
      PB ieee/STD_LOGIC_UNSIGNED 1217055547 LB UNISIM PH unisim/VCOMPONENTS 1217055545 \
      PH work/components 1300352302 PH work/constants 1300352301 PB work/functions 1300352304
AR work/sync_trigger/Behavioral 1300352316 \
      FL //aristoteles/kimei/MASTER/COMPET/Trigger/HW/HDL/Sync_Trigger/Sync_trigger.vhd \
      EN work/sync_trigger 1300352315 CP IBUFDS CP OBUFDS CP work/a2s CP st_fsm
FL //aristoteles/kimei/MASTER/COMPET/Trigger/HW/HDL/top/top.vhd 2011/03/16.15:59:31 K.39
EN work/top 1300352319 \
      FL //aristoteles/kimei/MASTER/COMPET/Trigger/HW/HDL/top/top.vhd \
      PB ieee/std_logic_1164 1217055545 PB ieee/std_logic_arith 1217055546 \
      PB ieee/STD_LOGIC_UNSIGNED 1217055547 LB UNISIM PH unisim/VCOMPONENTS 1217055545 \
      PH work/components 1300352302 PH work/constants 1300352301
AR work/top/Behavioral 1300352320 \
      FL //aristoteles/kimei/MASTER/COMPET/Trigger/HW/HDL/top/top.vhd EN work/top 1300352319 \
      CP CRU CP sync_trigger CP com
FL //aristoteles/kimei/MASTER/COMPET/Trigger/HW/HDL/top/top/PLL_ALL.vhd 2011/03/11.10:37:30 K.39
EN work/PLL_ALL 1300352311 \
      FL //aristoteles/kimei/MASTER/COMPET/Trigger/HW/HDL/top/top/PLL_ALL.vhd \
      PB ieee/std_logic_1164 1217055545 PH ieee/NUMERIC_STD 1217055545 LB UNISIM \
      PH unisim/VCOMPONENTS 1217055545
AR work/PLL_ALL/BEHAVIORAL 1300352312 \
      FL //aristoteles/kimei/MASTER/COMPET/Trigger/HW/HDL/top/top/PLL_ALL.vhd \
      EN work/PLL_ALL 1300352311 CP BUFG CP PLL_ADV
FL //aristoteles/kimei/MASTER/COMPET/Trigger/HW/HDL/UART/com.vhd 2011/03/11.11:18:17 K.39
EN work/com 1300352317 \
      FL //aristoteles/kimei/MASTER/COMPET/Trigger/HW/HDL/UART/com.vhd \
      PB ieee/std_logic_1164 1217055545 PB ieee/std_logic_arith 1217055546 \
      PB ieee/STD_LOGIC_UNSIGNED 1217055547 LB UNISIM PH unisim/VCOMPONENTS 1217055545 \
      PH work/components 1300352302 PH work/constants 1300352301
AR work/com/Behavioral 1300352318 \
      FL //aristoteles/kimei/MASTER/COMPET/Trigger/HW/HDL/UART/com.vhd \
      EN work/com 1300352317 CP uart
FL //aristoteles/kimei/MASTER/COMPET/Trigger/HW/HDL/UART/uart.vhd 2011/03/11.11:29:12 K.39
EN work/uart 1300352305 \
      FL //aristoteles/kimei/MASTER/COMPET/Trigger/HW/HDL/UART/uart.vhd \
      PB ieee/std_logic_1164 1217055545 PB ieee/std_logic_arith 1217055546 \
      PB ieee/STD_LOGIC_UNSIGNED 1217055547
AR work/uart/Behavioral 1300352306 \
      FL //aristoteles/kimei/MASTER/COMPET/Trigger/HW/HDL/UART/uart.vhd \
      EN work/uart 1300352305
