V3 24
FL //aristoteles/kimei/MASTER/COMPET/Trigger/HW/HDL/CRU/CRU.vhd 2011/02/15.12:22:56 M.81d
EN work/CRU 1298559475 \
      FL //aristoteles/kimei/MASTER/COMPET/Trigger/HW/HDL/CRU/CRU.vhd \
      PB ieee/std_logic_1164 1290154108 PB ieee/std_logic_arith 1290154109 \
      PB ieee/STD_LOGIC_UNSIGNED 1290154110 LB UNISIM PH unisim/VCOMPONENTS 1290154108 \
      PH work/components 1298559472 PH work/constants 1298559471
AR work/CRU/Behavioral 1298559476 \
      FL //aristoteles/kimei/MASTER/COMPET/Trigger/HW/HDL/CRU/CRU.vhd EN work/CRU 1298559475 \
      CP PLL_ALL CP OBUFDS CP ODDR CP IBUFG
FL //aristoteles/kimei/MASTER/COMPET/Trigger/HW/HDL/Shared/components.vhd 2011/02/15.12:23:02 M.81d
PH work/components 1298559472 \
      FL //aristoteles/kimei/MASTER/COMPET/Trigger/HW/HDL/Shared/components.vhd \
      PB ieee/std_logic_1164 1290154108 PB ieee/NUMERIC_STD 1290154109 \
      PH work/constants 1298559471 CD PLL_ALL CD a2s CD OBUFDS
FL //aristoteles/kimei/MASTER/COMPET/Trigger/HW/HDL/Shared/constants.vhd 2011/02/14.16:40:10 M.81d
PH work/constants 1298559471 \
      FL //aristoteles/kimei/MASTER/COMPET/Trigger/HW/HDL/Shared/constants.vhd \
      PB ieee/std_logic_1164 1290154108 PB ieee/NUMERIC_STD 1290154109
FL //aristoteles/kimei/MASTER/COMPET/Trigger/HW/HDL/top/ise/PLL_ALL.vhd 2011/02/18.10:57:51 M.81d
EN work/PLL_ALL 1298559473 \
      FL //aristoteles/kimei/MASTER/COMPET/Trigger/HW/HDL/top/ise/PLL_ALL.vhd \
      PB ieee/std_logic_1164 1290154108 PB ieee/NUMERIC_STD 1290154109 LB UNISIM \
      PH unisim/VCOMPONENTS 1290154108
AR work/PLL_ALL/BEHAVIORAL 1298559474 \
      FL //aristoteles/kimei/MASTER/COMPET/Trigger/HW/HDL/top/ise/PLL_ALL.vhd \
      EN work/PLL_ALL 1298559473 CP BUFG CP PLL_ADV
FL //aristoteles/kimei/MASTER/COMPET/Trigger/HW/HDL/top/top.vhd 2011/02/15.12:22:07 M.81d
EN work/top 1298559477 \
      FL //aristoteles/kimei/MASTER/COMPET/Trigger/HW/HDL/top/top.vhd \
      PB ieee/std_logic_1164 1290154108 PB ieee/std_logic_arith 1290154109 \
      PB ieee/STD_LOGIC_UNSIGNED 1290154110 LB UNISIM PH unisim/VCOMPONENTS 1290154108 \
      PH work/components 1298559472 PH work/constants 1298559471
AR work/top/Behavioral 1298559478 \
      FL //aristoteles/kimei/MASTER/COMPET/Trigger/HW/HDL/top/top.vhd EN work/top 1298559477 \
      CP CRU
