AR v5_emac_v1_5_example_design top_level //aristoteles/kimei/MASTER/COMPET/Compet_readout/COMPET_Readout/v5_emac_v1_5_example_design.vhd sub00/vhpl86 1297948312
AR pll_all behavioral //aristoteles/kimei/MASTER/COMPET/Compet_readout/COMPET_Readout/pll_all.vhd sub00/vhpl76 1297948300
EN allow_zero_udp_checksum NULL //aristoteles/kimei/MASTER/COMPET/Compet_readout/UDP_MR/ALLOW_ZERO_UDP_CHECKSUM.vhd sub00/vhpl20 1297948244
EN reg_8b_wren NULL //aristoteles/kimei/MASTER/COMPET/Compet_readout/UDP_MR/REG_8b_wren.vhd sub00/vhpl08 1297948232
EN ipv4_lut_indexer NULL //aristoteles/kimei/MASTER/COMPET/Compet_readout/UDP_MR/IPV4_LUT_INDEXER.vhd sub00/vhpl16 1297948240
EN v5_emac_v1_5 NULL //aristoteles/kimei/MASTER/COMPET/Compet_readout/COMPET_Readout/v5_emac_v1_5.vhd sub00/vhpl30 1297948254
AR target_eof behavioral //aristoteles/kimei/MASTER/COMPET/Compet_readout/UDP_MR/TARGET_EOF.vhd sub00/vhpl13 1297948237
AR buildeventsfifo buildeventsfifo_a //aristoteles/kimei/MASTER/COMPET/Compet_readout/front-end/BuildEventsFifo.vhd sub00/vhpl55 1297948279
EN dcm2pll NULL //aristoteles/kimei/MASTER/COMPET/Compet_readout/COMPET_Readout/DCM2PLL.vhd sub00/vhpl89 1297948301
EN fe_ch_pargen NULL //aristoteles/kimei/MASTER/COMPET/Compet_readout/front-end/fe_ch_pargen.vhd sub00/vhpl50 1297948274
EN v5_emac_v1_5_block NULL //aristoteles/kimei/MASTER/COMPET/Compet_readout/COMPET_Readout/v5_emac_v1_5_block.vhd sub00/vhpl42 1297948266
EN fe_input_stimuli NULL //aristoteles/kimei/MASTER/COMPET/Compet_readout/front-end/fe_input_stimuli.vhd sub00/vhpl66 1297948290
EN fe_ch NULL //aristoteles/kimei/MASTER/COMPET/Compet_readout/front-end/fe_ch.vhd sub00/vhpl70 1297948294
EN fe_eb NULL //aristoteles/kimei/MASTER/COMPET/Compet_readout/front-end/fe_eb.vhd sub00/vhpl72 1297948296
EN fe NULL //aristoteles/kimei/MASTER/COMPET/Compet_readout/front-end/fe.vhd sub00/vhpl81 1297948307
AR counter_11b_en_receiv behavioral //aristoteles/kimei/MASTER/COMPET/Compet_readout/UDP_MR/COUNTER_11B_EN_RECEIV.vhd sub00/vhpl11 1297948235
AR v5_emac_v1_5_locallink top_level //aristoteles/kimei/MASTER/COMPET/Compet_readout/COMPET_Readout/v5_emac_v1_5_locallink.vhd sub00/vhpl57 1297948281
EN fe_cotrg_proc NULL //aristoteles/kimei/MASTER/COMPET/Compet_readout/front-end/fe_cotrg_processing.vhd sub00/vhpl68 1297948292
PH constants NULL //aristoteles/kimei/MASTER/COMPET/Compet_readout/shared/constants.vhd sub00/vhpl00 1297948224
EN gmii_if NULL //aristoteles/kimei/MASTER/COMPET/Compet_readout/COMPET_Readout/gmii_if.vhd sub00/vhpl28 1297948252
EN fe_ch_iserdes NULL //aristoteles/kimei/MASTER/COMPET/Compet_readout/front-end/fe_ch_iserdes.vhd sub00/vhpl48 1297948272
AR fe_ch_iserdes rtl //aristoteles/kimei/MASTER/COMPET/Compet_readout/front-end/fe_ch_iserdes.vhd sub00/vhpl49 1297948273
EN ipv4_packet_receiver NULL //aristoteles/kimei/MASTER/COMPET/Compet_readout/UDP_MR/IPv4_PACKET_RECEIVER.vhd sub00/vhpl40 1297948264
EN pll_all NULL //aristoteles/kimei/MASTER/COMPET/Compet_readout/COMPET_Readout/pll_all.vhd sub00/vhpl75 1297948299
AR override_lut_control behavioral //aristoteles/kimei/MASTER/COMPET/Compet_readout/UDP_MR/OVERRIDE_LUT_CONTROL.vhd sub00/vhpl19 1297948243
PB functions functions //aristoteles/kimei/MASTER/COMPET/Compet_readout/shared/functions.vhd sub00/vhpl33 1297948257
EN fe_ch_submux NULL //aristoteles/kimei/MASTER/COMPET/Compet_readout/front-end/fe_eb_submux.vhd sub00/vhpl46 1297948270
AR a2s rtl //aristoteles/kimei/MASTER/COMPET/Compet_readout/shared/a2s.vhd sub00/vhpl78 1297948304
EN chipscope NULL //aristoteles/kimei/MASTER/COMPET/Compet_readout/chipscope/core_sim.vhd sub00/vhpl83 1297948309
AR reg_16b_wren behavioral //aristoteles/kimei/MASTER/COMPET/Compet_readout/UDP_MR/REG_16B_WREN.vhd sub00/vhpl15 1297948239
EN packet_receiver_fsm NULL //aristoteles/kimei/MASTER/COMPET/Compet_readout/UDP_MR/PACKET_RECEIVER_FSM.vhd sub00/vhpl06 1297948230
EN cru NULL //aristoteles/kimei/MASTER/COMPET/Compet_readout/ClkRst/cru.vhd sub00/vhpl79 1297948305
EN enable_user_data_transmission NULL //aristoteles/kimei/MASTER/COMPET/Compet_readout/UDP_MR/ENABLE_USER_DATA_TRANSMISSION.vhd sub00/vhpl22 1297948246
AR ipv4_packet_receiver behavioral //aristoteles/kimei/MASTER/COMPET/Compet_readout/UDP_MR/IPv4_PACKET_RECEIVER.vhd sub00/vhpl41 1297948265
AR allow_zero_udp_checksum behavioral //aristoteles/kimei/MASTER/COMPET/Compet_readout/UDP_MR/ALLOW_ZERO_UDP_CHECKSUM.vhd sub00/vhpl21 1297948245
AR ipv4_packet_transmitter behavioral //aristoteles/kimei/MASTER/COMPET/Compet_readout/UDP_MR/IPV4_PACKET_TRANSMITTER.vhd sub00/vhpl39 1297948263
AR fe_ch_pargen rtl //aristoteles/kimei/MASTER/COMPET/Compet_readout/front-end/fe_ch_pargen.vhd sub00/vhpl51 1297948275
EN override_lut_control NULL //aristoteles/kimei/MASTER/COMPET/Compet_readout/UDP_MR/OVERRIDE_LUT_CONTROL.vhd sub00/vhpl18 1297948242
AR v5_emac_v1_5 wrapper //aristoteles/kimei/MASTER/COMPET/Compet_readout/COMPET_Readout/v5_emac_v1_5.vhd sub00/vhpl31 1297948255
AR shift rtl //aristoteles/kimei/MASTER/COMPET/Compet_readout/shared/shift.vhd sub00/vhpl37 1297948261
AR fe_ch_buf rtl //aristoteles/kimei/MASTER/COMPET/Compet_readout/front-end/fe_ch_buf.vhd sub00/vhpl53 1297948277
EN a2s NULL //aristoteles/kimei/MASTER/COMPET/Compet_readout/shared/a2s.vhd sub00/vhpl77 1297948303
EN counter_11b_en_receiv NULL //aristoteles/kimei/MASTER/COMPET/Compet_readout/UDP_MR/COUNTER_11B_EN_RECEIV.vhd sub00/vhpl10 1297948234
AR chipscope rtl //aristoteles/kimei/MASTER/COMPET/Compet_readout/chipscope/core_sim.vhd sub00/vhpl84 1297948310
AR fe_eb rtl //aristoteles/kimei/MASTER/COMPET/Compet_readout/front-end/fe_eb.vhd sub00/vhpl73 1297948297
EN top NULL //aristoteles/kimei/MASTER/COMPET/Compet_readout/COMPET_Readout/top.vhd sub00/vhpl87 1297948313
EN globaleventtrigger_fifo NULL //aristoteles/kimei/MASTER/COMPET/Compet_readout/COMPET_Readout/GlobalEventTrigger_FIFO.vhd sub00/vhpl62 1297948286
EN fe_ch_fifo NULL //aristoteles/kimei/MASTER/COMPET/Compet_readout/front-end/fe_ch_fifo.vhd sub00/vhpl34 1297948258
AR fe_ch rtl //aristoteles/kimei/MASTER/COMPET/Compet_readout/front-end/fe_ch.vhd sub00/vhpl71 1297948295
PH components NULL //aristoteles/kimei/MASTER/COMPET/Compet_readout/shared/components.vhd sub00/vhpl74 1297948298
EN counter_6b_lut_fifo_mode NULL //aristoteles/kimei/MASTER/COMPET/Compet_readout/UDP_MR/COUNTER_6B_LUT_FIFO_MODE.vhd sub00/vhpl01 1297948225
AR top behavioral //aristoteles/kimei/MASTER/COMPET/Compet_readout/COMPET_Readout/top.vhd sub00/vhpl88 1297948314
EN target_eof NULL //aristoteles/kimei/MASTER/COMPET/Compet_readout/UDP_MR/TARGET_EOF.vhd sub00/vhpl12 1297948236
AR reg_8b_wren behavioral //aristoteles/kimei/MASTER/COMPET/Compet_readout/UDP_MR/REG_8b_wren.vhd sub00/vhpl09 1297948233
EN shift NULL //aristoteles/kimei/MASTER/COMPET/Compet_readout/shared/shift.vhd sub00/vhpl36 1297948260
AR v5_emac_v1_5_block top_level //aristoteles/kimei/MASTER/COMPET/Compet_readout/COMPET_Readout/v5_emac_v1_5_block.vhd sub00/vhpl43 1297948267
EN counter_11b_en_trans NULL //aristoteles/kimei/MASTER/COMPET/Compet_readout/UDP_MR/COUNTER_11B_EN_TRANS.vhd sub00/vhpl03 1297948227
EN buildeventsfifo NULL //aristoteles/kimei/MASTER/COMPET/Compet_readout/front-end/BuildEventsFifo.vhd sub00/vhpl54 1297948278
AR fe_ch_submux rtl //aristoteles/kimei/MASTER/COMPET/Compet_readout/front-end/fe_eb_submux.vhd sub00/vhpl47 1297948271
AR fe_fifo_toudp fe_fifo_toudp_a //aristoteles/kimei/MASTER/COMPET/Compet_readout/COMPET_Readout/fe_FIFO_toUDP.vhd sub00/vhpl61 1297948285
EN v5_emac_v1_5_locallink NULL //aristoteles/kimei/MASTER/COMPET/Compet_readout/COMPET_Readout/v5_emac_v1_5_locallink.vhd sub00/vhpl56 1297948280
PH types NULL //aristoteles/kimei/MASTER/COMPET/Compet_readout/shared/types.vhd sub00/vhpl05 1297948229
AR rx_client_fifo_8 rtl //aristoteles/kimei/MASTER/COMPET/Compet_readout/COMPET_Readout/rx_client_fifo_8.vhd sub00/vhpl27 1297948251
AR fe_input_stimuli rtl //aristoteles/kimei/MASTER/COMPET/Compet_readout/front-end/fe_input_stimuli.vhd sub00/vhpl67 1297948291
EN eth_fifo_8 NULL //aristoteles/kimei/MASTER/COMPET/Compet_readout/COMPET_Readout/eth_fifo_8.vhd sub00/vhpl44 1297948268
EN udp_ip_core NULL //aristoteles/kimei/MASTER/COMPET/Compet_readout/UDP_MR/UDP_IP_Core.vhd sub00/vhpl58 1297948282
AR fe_ch_fifo fe_ch_fifo_a //aristoteles/kimei/MASTER/COMPET/Compet_readout/front-end/fe_ch_fifo.vhd sub00/vhpl35 1297948259
EN rx_client_fifo_8 NULL //aristoteles/kimei/MASTER/COMPET/Compet_readout/COMPET_Readout/rx_client_fifo_8.vhd sub00/vhpl26 1297948250
AR udp_ip_core behavioral //aristoteles/kimei/MASTER/COMPET/Compet_readout/UDP_MR/UDP_IP_Core.vhd sub00/vhpl59 1297948283
EN v5_emac_v1_5_example_design NULL //aristoteles/kimei/MASTER/COMPET/Compet_readout/COMPET_Readout/v5_emac_v1_5_example_design.vhd sub00/vhpl85 1297948311
EN tx_client_fifo_8 NULL //aristoteles/kimei/MASTER/COMPET/Compet_readout/COMPET_Readout/tx_client_fifo_8.vhd sub00/vhpl24 1297948248
AR enable_user_data_transmission behavioral //aristoteles/kimei/MASTER/COMPET/Compet_readout/UDP_MR/ENABLE_USER_DATA_TRANSMISSION.vhd sub00/vhpl23 1297948247
EN ipv4_packet_transmitter NULL //aristoteles/kimei/MASTER/COMPET/Compet_readout/UDP_MR/IPV4_PACKET_TRANSMITTER.vhd sub00/vhpl38 1297948262
AR gmii_if phy_if //aristoteles/kimei/MASTER/COMPET/Compet_readout/COMPET_Readout/gmii_if.vhd sub00/vhpl29 1297948253
AR globaleventtrigger_fifo globaleventtrigger_fifo_a //aristoteles/kimei/MASTER/COMPET/Compet_readout/COMPET_Readout/GlobalEventTrigger_FIFO.vhd sub00/vhpl63 1297948287
EN fe_fifo_toudp NULL //aristoteles/kimei/MASTER/COMPET/Compet_readout/COMPET_Readout/fe_FIFO_toUDP.vhd sub00/vhpl60 1297948284
AR counter_11b_en_trans behavioral //aristoteles/kimei/MASTER/COMPET/Compet_readout/UDP_MR/COUNTER_11B_EN_TRANS.vhd sub00/vhpl04 1297948228
AR packet_receiver_fsm behavioral //aristoteles/kimei/MASTER/COMPET/Compet_readout/UDP_MR/PACKET_RECEIVER_FSM.vhd sub00/vhpl07 1297948231
AR buildeventstoshipout behavioral //aristoteles/kimei/MASTER/COMPET/Compet_readout/COMPET_Readout/BuildEventsToShipOut.vhd sub00/vhpl65 1297948289
AR counter_6b_lut_fifo_mode behavioral //aristoteles/kimei/MASTER/COMPET/Compet_readout/UDP_MR/COUNTER_6B_LUT_FIFO_MODE.vhd sub00/vhpl02 1297948226
PH functions NULL //aristoteles/kimei/MASTER/COMPET/Compet_readout/shared/functions.vhd sub00/vhpl32 1297948256
AR ipv4_lut_indexer behavioral //aristoteles/kimei/MASTER/COMPET/Compet_readout/UDP_MR/IPV4_LUT_INDEXER.vhd sub00/vhpl17 1297948241
AR fe rtl //aristoteles/kimei/MASTER/COMPET/Compet_readout/front-end/fe.vhd sub00/vhpl82 1297948308
EN reg_16b_wren NULL //aristoteles/kimei/MASTER/COMPET/Compet_readout/UDP_MR/REG_16B_WREN.vhd sub00/vhpl14 1297948238
AR fe_cotrg_proc rtl //aristoteles/kimei/MASTER/COMPET/Compet_readout/front-end/fe_cotrg_processing.vhd sub00/vhpl69 1297948293
AR dcm2pll behavioral //aristoteles/kimei/MASTER/COMPET/Compet_readout/COMPET_Readout/DCM2PLL.vhd sub00/vhpl90 1297948302
AR cru rtl //aristoteles/kimei/MASTER/COMPET/Compet_readout/ClkRst/cru.vhd sub00/vhpl80 1297948306
AR tx_client_fifo_8 rtl //aristoteles/kimei/MASTER/COMPET/Compet_readout/COMPET_Readout/tx_client_fifo_8.vhd sub00/vhpl25 1297948249
AR eth_fifo_8 rtl //aristoteles/kimei/MASTER/COMPET/Compet_readout/COMPET_Readout/eth_fifo_8.vhd sub00/vhpl45 1297948269
EN fe_ch_buf NULL //aristoteles/kimei/MASTER/COMPET/Compet_readout/front-end/fe_ch_buf.vhd sub00/vhpl52 1297948276
EN buildeventstoshipout NULL //aristoteles/kimei/MASTER/COMPET/Compet_readout/COMPET_Readout/BuildEventsToShipOut.vhd sub00/vhpl64 1297948288
