V3 363
FL //aristoteles/kimei/MASTER/COMPET/Compet_readout/chipscope/core_sim.vhd 2011/02/17.11:38:23 K.39
EN work/chipscope 1297948309 \
      FL //aristoteles/kimei/MASTER/COMPET/Compet_readout/chipscope/core_sim.vhd \
      PB ieee/std_logic_1164 1217055545 PH ieee/NUMERIC_STD 1217055545 \
      PH work/constants 1297948224 PH work/types 1297948229 PB work/functions 1297948257
AR work/chipscope/rtl 1297948310 \
      FL //aristoteles/kimei/MASTER/COMPET/Compet_readout/chipscope/core_sim.vhd \
      EN work/chipscope 1297948309
FL //aristoteles/kimei/MASTER/COMPET/Compet_readout/ClkRst/cru.vhd 2011/02/17.12:32:17 K.39
EN work/cru 1297948305 \
      FL //aristoteles/kimei/MASTER/COMPET/Compet_readout/ClkRst/cru.vhd \
      PB ieee/std_logic_1164 1217055545 LB unisim PH unisim/VCOMPONENTS 1217055545 \
      PH work/constants 1297948224 PH work/types 1297948229 PH work/components 1297948298
AR work/cru/rtl 1297948306 \
      FL //aristoteles/kimei/MASTER/COMPET/Compet_readout/ClkRst/cru.vhd \
      EN work/cru 1297948305 CP pll_all CP DCM2PLL CP BUFGMUX CP OBUFDS CP work/a2s
FL //aristoteles/kimei/MASTER/COMPET/Compet_readout/COMPET_Readout/BuildEventsToShipOut.vhd 2011/02/17.11:38:15 K.39
EN work/BuildEventsToShipOut 1297948288 \
      FL //aristoteles/kimei/MASTER/COMPET/Compet_readout/COMPET_Readout/BuildEventsToShipOut.vhd \
      PB ieee/std_logic_1164 1217055545 PB ieee/std_logic_arith 1217055546 \
      PB ieee/STD_LOGIC_UNSIGNED 1217055547 PH ieee/NUMERIC_STD 1217055545 \
      PH work/constants 1297948224 PH work/types 1297948229 PB work/functions 1297948257 \
      LB unisim PH unisim/VCOMPONENTS 1217055545
AR work/BuildEventsToShipOut/Behavioral 1297948289 \
      FL //aristoteles/kimei/MASTER/COMPET/Compet_readout/COMPET_Readout/BuildEventsToShipOut.vhd \
      EN work/BuildEventsToShipOut 1297948288 CP BuildEventsFifo
FL //aristoteles/kimei/MASTER/COMPET/Compet_readout/COMPET_Readout/DCM2PLL.vhd 2011/02/17.12:27:20 K.39
EN work/DCM2PLL 1297948301 \
      FL //aristoteles/kimei/MASTER/COMPET/Compet_readout/COMPET_Readout/DCM2PLL.vhd \
      PB ieee/std_logic_1164 1217055545 PH ieee/NUMERIC_STD 1217055545 LB unisim \
      PH unisim/VCOMPONENTS 1217055545
AR work/DCM2PLL/BEHAVIORAL 1297948302 \
      FL //aristoteles/kimei/MASTER/COMPET/Compet_readout/COMPET_Readout/DCM2PLL.vhd \
      EN work/DCM2PLL 1297948301 CP IBUFGDS CP BUFG CP DCM_ADV CP FDS CP FD CP INV \
      CP OR2 CP OR3 CP PLL_ADV
FL //aristoteles/kimei/MASTER/COMPET/Compet_readout/COMPET_Readout/eth_fifo_8.vhd 2011/02/17.11:38:16 K.39
EN work/eth_fifo_8 1297948268 \
      FL //aristoteles/kimei/MASTER/COMPET/Compet_readout/COMPET_Readout/eth_fifo_8.vhd \
      LB unisim PH unisim/VCOMPONENTS 1217055545 PB ieee/std_logic_1164 1217055545 \
      PB ieee/STD_LOGIC_UNSIGNED 1217055547 PH ieee/NUMERIC_STD 1217055545
AR work/eth_fifo_8/RTL 1297948269 \
      FL //aristoteles/kimei/MASTER/COMPET/Compet_readout/COMPET_Readout/eth_fifo_8.vhd \
      EN work/eth_fifo_8 1297948268 CP tx_client_fifo_8 CP rx_client_fifo_8
FL //aristoteles/kimei/MASTER/COMPET/Compet_readout/COMPET_Readout/fe_FIFO_toUDP.vhd 2011/02/17.11:38:16 K.39
EN work/fe_FIFO_toUDP 1297948284 \
      FL //aristoteles/kimei/MASTER/COMPET/Compet_readout/COMPET_Readout/fe_FIFO_toUDP.vhd \
      PB ieee/std_logic_1164 1217055545
AR work/fe_FIFO_toUDP/fe_FIFO_toUDP_a 1297948285 \
      FL //aristoteles/kimei/MASTER/COMPET/Compet_readout/COMPET_Readout/fe_FIFO_toUDP.vhd \
      EN work/fe_FIFO_toUDP 1297948284
FL //aristoteles/kimei/MASTER/COMPET/Compet_readout/COMPET_Readout/GlobalEventTrigger_FIFO.vhd 2011/02/17.11:38:15 K.39
EN work/GlobalEventTrigger_FIFO 1297948286 \
      FL //aristoteles/kimei/MASTER/COMPET/Compet_readout/COMPET_Readout/GlobalEventTrigger_FIFO.vhd \
      PB ieee/std_logic_1164 1217055545
AR work/GlobalEventTrigger_FIFO/GlobalEventTrigger_FIFO_a 1297948287 \
      FL //aristoteles/kimei/MASTER/COMPET/Compet_readout/COMPET_Readout/GlobalEventTrigger_FIFO.vhd \
      EN work/GlobalEventTrigger_FIFO 1297948286
FL //aristoteles/kimei/MASTER/COMPET/Compet_readout/COMPET_Readout/gmii_if.vhd 2011/02/17.11:38:16 K.39
EN work/gmii_if 1297948252 \
      FL //aristoteles/kimei/MASTER/COMPET/Compet_readout/COMPET_Readout/gmii_if.vhd \
      LB unisim PH unisim/VCOMPONENTS 1217055545 PB ieee/std_logic_1164 1217055545
AR work/gmii_if/PHY_IF 1297948253 \
      FL //aristoteles/kimei/MASTER/COMPET/Compet_readout/COMPET_Readout/gmii_if.vhd \
      EN work/gmii_if 1297948252 CP ODDR CP IDELAY
FL //aristoteles/kimei/MASTER/COMPET/Compet_readout/COMPET_Readout/pll_all.vhd 2011/02/17.12:26:35 K.39
EN work/pll_all 1297948299 \
      FL //aristoteles/kimei/MASTER/COMPET/Compet_readout/COMPET_Readout/pll_all.vhd \
      PB ieee/std_logic_1164 1217055545 PH ieee/NUMERIC_STD 1217055545 LB unisim \
      PH unisim/VCOMPONENTS 1217055545
AR work/pll_all/BEHAVIORAL 1297948300 \
      FL //aristoteles/kimei/MASTER/COMPET/Compet_readout/COMPET_Readout/pll_all.vhd \
      EN work/pll_all 1297948299 CP IBUFG CP BUFG CP PLL_ADV
FL //aristoteles/kimei/MASTER/COMPET/Compet_readout/COMPET_Readout/rx_client_fifo_8.vhd 2011/02/17.11:38:16 K.39
EN work/rx_client_fifo_8 1297948250 \
      FL //aristoteles/kimei/MASTER/COMPET/Compet_readout/COMPET_Readout/rx_client_fifo_8.vhd \
      LB unisim PH unisim/VCOMPONENTS 1217055545 PB ieee/std_logic_1164 1217055545 \
      PB ieee/STD_LOGIC_UNSIGNED 1217055547 PH ieee/NUMERIC_STD 1217055545
AR work/rx_client_fifo_8/RTL 1297948251 \
      FL //aristoteles/kimei/MASTER/COMPET/Compet_readout/COMPET_Readout/rx_client_fifo_8.vhd \
      EN work/rx_client_fifo_8 1297948250 CP RAMB16_S9_S9
FL //aristoteles/kimei/MASTER/COMPET/Compet_readout/COMPET_Readout/top.vhd 2011/02/17.13:43:29 K.39
EN work/top 1297948313 \
      FL //aristoteles/kimei/MASTER/COMPET/Compet_readout/COMPET_Readout/top.vhd \
      PB ieee/std_logic_1164 1217055545 PB ieee/std_logic_arith 1217055546 \
      PB ieee/STD_LOGIC_UNSIGNED 1217055547 PH work/constants 1297948224 \
      PH work/types 1297948229 PB work/functions 1297948257 LB unisim \
      PH unisim/VCOMPONENTS 1217055545
AR work/top/Behavioral 1297948314 \
      FL //aristoteles/kimei/MASTER/COMPET/Compet_readout/COMPET_Readout/top.vhd \
      EN work/top 1297948313 CP work/cru CP IBUFDS CP IBUF CP work/fe CP work/shift \
      CP work/chipscope CP v5_emac_v1_5_example_design
FL //aristoteles/kimei/MASTER/COMPET/Compet_readout/COMPET_Readout/tx_client_fifo_8.vhd 2011/02/17.11:38:21 K.39
EN work/tx_client_fifo_8 1297948248 \
      FL //aristoteles/kimei/MASTER/COMPET/Compet_readout/COMPET_Readout/tx_client_fifo_8.vhd \
      LB unisim PH unisim/VCOMPONENTS 1217055545 PB ieee/std_logic_1164 1217055545 \
      PB ieee/STD_LOGIC_UNSIGNED 1217055547 PH ieee/NUMERIC_STD 1217055545
AR work/tx_client_fifo_8/RTL 1297948249 \
      FL //aristoteles/kimei/MASTER/COMPET/Compet_readout/COMPET_Readout/tx_client_fifo_8.vhd \
      EN work/tx_client_fifo_8 1297948248 CP RAMB16_S9_S9
FL //aristoteles/kimei/MASTER/COMPET/Compet_readout/COMPET_Readout/v5_emac_v1_5.vhd 2011/02/17.11:38:21 K.39
EN work/v5_emac_v1_5 1297948254 \
      FL //aristoteles/kimei/MASTER/COMPET/Compet_readout/COMPET_Readout/v5_emac_v1_5.vhd \
      LB unisim PH unisim/VCOMPONENTS 1217055545 PB ieee/std_logic_1164 1217055545
AR work/v5_emac_v1_5/WRAPPER 1297948255 \
      FL //aristoteles/kimei/MASTER/COMPET/Compet_readout/COMPET_Readout/v5_emac_v1_5.vhd \
      EN work/v5_emac_v1_5 1297948254 CP TEMAC
FL //aristoteles/kimei/MASTER/COMPET/Compet_readout/COMPET_Readout/v5_emac_v1_5_block.vhd 2011/02/17.11:38:21 K.39
EN work/v5_emac_v1_5_block 1297948266 \
      FL //aristoteles/kimei/MASTER/COMPET/Compet_readout/COMPET_Readout/v5_emac_v1_5_block.vhd \
      LB unisim PH unisim/VCOMPONENTS 1217055545 PB ieee/std_logic_1164 1217055545
AR work/v5_emac_v1_5_block/TOP_LEVEL 1297948267 \
      FL //aristoteles/kimei/MASTER/COMPET/Compet_readout/COMPET_Readout/v5_emac_v1_5_block.vhd \
      EN work/v5_emac_v1_5_block 1297948266 CP gmii_if CP v5_emac_v1_5
FL //aristoteles/kimei/MASTER/COMPET/Compet_readout/COMPET_Readout/v5_emac_v1_5_example_design.vhd 2011/02/17.11:38:21 K.39
EN work/v5_emac_v1_5_example_design 1297948311 \
      FL //aristoteles/kimei/MASTER/COMPET/Compet_readout/COMPET_Readout/v5_emac_v1_5_example_design.vhd \
      PB ieee/std_logic_1164 1217055545 PH ieee/NUMERIC_STD 1217055545 \
      PH work/constants 1297948224 PH work/types 1297948229 PB work/functions 1297948257 \
      LB unisim PH unisim/VCOMPONENTS 1217055545
AR work/v5_emac_v1_5_example_design/TOP_LEVEL 1297948312 \
      FL //aristoteles/kimei/MASTER/COMPET/Compet_readout/COMPET_Readout/v5_emac_v1_5_example_design.vhd \
      EN work/v5_emac_v1_5_example_design 1297948311 CP IDELAYCTRL CP IODELAY \
      CP BUFG CP v5_emac_v1_5_locallink CP UDP_IP_Core CP fe_FIFO_toUDP \
      CP GlobalEventTrigger_FIFO CP IBUF
FL //aristoteles/kimei/MASTER/COMPET/Compet_readout/COMPET_Readout/v5_emac_v1_5_locallink.vhd 2011/02/17.11:38:21 K.39
EN work/v5_emac_v1_5_locallink 1297948280 \
      FL //aristoteles/kimei/MASTER/COMPET/Compet_readout/COMPET_Readout/v5_emac_v1_5_locallink.vhd \
      LB unisim PH unisim/VCOMPONENTS 1217055545 PB ieee/std_logic_1164 1217055545
AR work/v5_emac_v1_5_locallink/TOP_LEVEL 1297948281 \
      FL //aristoteles/kimei/MASTER/COMPET/Compet_readout/COMPET_Readout/v5_emac_v1_5_locallink.vhd \
      EN work/v5_emac_v1_5_locallink 1297948280 CP v5_emac_v1_5_block \
      CP eth_fifo_8
FL //aristoteles/kimei/MASTER/COMPET/Compet_readout/front-end/BuildEventsFifo.vhd 2011/02/17.11:38:23 K.39
EN work/BuildEventsFifo 1297948278 \
      FL //aristoteles/kimei/MASTER/COMPET/Compet_readout/front-end/BuildEventsFifo.vhd \
      PB ieee/std_logic_1164 1217055545
AR work/BuildEventsFifo/BuildEventsFifo_a 1297948279 \
      FL //aristoteles/kimei/MASTER/COMPET/Compet_readout/front-end/BuildEventsFifo.vhd \
      EN work/BuildEventsFifo 1297948278
FL //aristoteles/kimei/MASTER/COMPET/Compet_readout/front-end/fe.vhd 2011/02/17.11:38:23 K.39
EN work/fe 1297948307 \
      FL //aristoteles/kimei/MASTER/COMPET/Compet_readout/front-end/fe.vhd \
      PB ieee/std_logic_1164 1217055545 PH ieee/NUMERIC_STD 1217055545 LB unisim \
      PH unisim/VCOMPONENTS 1217055545 PH work/constants 1297948224 PH work/types 1297948229 \
      PB work/functions 1297948257
AR work/fe/rtl 1297948308 \
      FL //aristoteles/kimei/MASTER/COMPET/Compet_readout/front-end/fe.vhd \
      EN work/fe 1297948307 CP work/BuildEventsToShipOut CP work/fe_input_stimuli \
      CP work/fe_cotrg_proc CP work/fe_ch CP work/fe_eb
FL //aristoteles/kimei/MASTER/COMPET/Compet_readout/front-end/fe_ch.vhd 2011/02/17.11:38:23 K.39
EN work/fe_ch 1297948294 \
      FL //aristoteles/kimei/MASTER/COMPET/Compet_readout/front-end/fe_ch.vhd \
      PB ieee/std_logic_1164 1217055545 PH ieee/NUMERIC_STD 1217055545 \
      PH work/constants 1297948224 PH work/types 1297948229 PB work/functions 1297948257
AR work/fe_ch/rtl 1297948295 \
      FL //aristoteles/kimei/MASTER/COMPET/Compet_readout/front-end/fe_ch.vhd \
      EN work/fe_ch 1297948294 CP work/fe_ch_iserdes CP work/fe_ch_pargen \
      CP work/fe_ch_buf
FL //aristoteles/kimei/MASTER/COMPET/Compet_readout/front-end/fe_ch_buf.vhd 2011/02/17.11:38:23 K.39
EN work/fe_ch_buf 1297948276 \
      FL //aristoteles/kimei/MASTER/COMPET/Compet_readout/front-end/fe_ch_buf.vhd \
      PB ieee/std_logic_1164 1217055545 PH ieee/NUMERIC_STD 1217055545 LB unisim \
      PH unisim/VCOMPONENTS 1217055545 PH work/constants 1297948224 PH work/types 1297948229 \
      PB work/functions 1297948257
AR work/fe_ch_buf/rtl 1297948277 \
      FL //aristoteles/kimei/MASTER/COMPET/Compet_readout/front-end/fe_ch_buf.vhd \
      EN work/fe_ch_buf 1297948276 CP fe_ch_fifo
FL //aristoteles/kimei/MASTER/COMPET/Compet_readout/front-end/fe_ch_fifo.vhd 2011/02/17.11:38:23 K.39
EN work/fe_ch_fifo 1297948258 \
      FL //aristoteles/kimei/MASTER/COMPET/Compet_readout/front-end/fe_ch_fifo.vhd \
      PB ieee/std_logic_1164 1217055545
AR work/fe_ch_fifo/fe_ch_fifo_a 1297948259 \
      FL //aristoteles/kimei/MASTER/COMPET/Compet_readout/front-end/fe_ch_fifo.vhd \
      EN work/fe_ch_fifo 1297948258
FL //aristoteles/kimei/MASTER/COMPET/Compet_readout/front-end/fe_ch_iserdes.vhd 2011/02/17.11:38:23 K.39
EN work/fe_ch_iserdes 1297948272 \
      FL //aristoteles/kimei/MASTER/COMPET/Compet_readout/front-end/fe_ch_iserdes.vhd \
      PB ieee/std_logic_1164 1217055545 LB unisim PH unisim/VCOMPONENTS 1217055545 \
      PH work/constants 1297948224 PH work/types 1297948229
AR work/fe_ch_iserdes/rtl 1297948273 \
      FL //aristoteles/kimei/MASTER/COMPET/Compet_readout/front-end/fe_ch_iserdes.vhd \
      EN work/fe_ch_iserdes 1297948272 CP ISERDES
FL //aristoteles/kimei/MASTER/COMPET/Compet_readout/front-end/fe_ch_pargen.vhd 2011/02/17.11:38:23 K.39
EN work/fe_ch_pargen 1297948274 \
      FL //aristoteles/kimei/MASTER/COMPET/Compet_readout/front-end/fe_ch_pargen.vhd \
      PB ieee/std_logic_1164 1217055545 PH ieee/NUMERIC_STD 1217055545 LB unisim \
      PH unisim/VCOMPONENTS 1217055545 PH work/constants 1297948224 PH work/types 1297948229 \
      PB work/functions 1297948257
AR work/fe_ch_pargen/rtl 1297948275 \
      FL //aristoteles/kimei/MASTER/COMPET/Compet_readout/front-end/fe_ch_pargen.vhd \
      EN work/fe_ch_pargen 1297948274 CP work/shift
FL //aristoteles/kimei/MASTER/COMPET/Compet_readout/front-end/fe_cotrg_processing.vhd 2011/02/17.11:38:23 K.39
EN work/fe_cotrg_proc 1297948292 \
      FL //aristoteles/kimei/MASTER/COMPET/Compet_readout/front-end/fe_cotrg_processing.vhd \
      PB ieee/std_logic_1164 1217055545 PH ieee/NUMERIC_STD 1217055545 LB unisim \
      PH unisim/VCOMPONENTS 1217055545 PH work/constants 1297948224 PH work/types 1297948229 \
      PB work/functions 1297948257
AR work/fe_cotrg_proc/rtl 1297948293 \
      FL //aristoteles/kimei/MASTER/COMPET/Compet_readout/front-end/fe_cotrg_processing.vhd \
      EN work/fe_cotrg_proc 1297948292 CP work/shift
FL //aristoteles/kimei/MASTER/COMPET/Compet_readout/front-end/fe_eb.vhd 2011/02/17.11:38:23 K.39
EN work/fe_eb 1297948296 \
      FL //aristoteles/kimei/MASTER/COMPET/Compet_readout/front-end/fe_eb.vhd \
      PB ieee/std_logic_1164 1217055545 PH ieee/NUMERIC_STD 1217055545 LB unisim \
      PH unisim/VCOMPONENTS 1217055545 PH work/constants 1297948224 PH work/types 1297948229 \
      PB work/functions 1297948257
AR work/fe_eb/rtl 1297948297 \
      FL //aristoteles/kimei/MASTER/COMPET/Compet_readout/front-end/fe_eb.vhd \
      EN work/fe_eb 1297948296 CP work/shift CP work/fe_ch_submux
FL //aristoteles/kimei/MASTER/COMPET/Compet_readout/front-end/fe_eb_submux.vhd 2011/02/17.11:38:23 K.39
EN work/fe_ch_submux 1297948270 \
      FL //aristoteles/kimei/MASTER/COMPET/Compet_readout/front-end/fe_eb_submux.vhd \
      PB ieee/std_logic_1164 1217055545 PH ieee/NUMERIC_STD 1217055545 LB unisim \
      PH unisim/VCOMPONENTS 1217055545 PH work/constants 1297948224 PH work/types 1297948229 \
      PB work/functions 1297948257
AR work/fe_ch_submux/rtl 1297948271 \
      FL //aristoteles/kimei/MASTER/COMPET/Compet_readout/front-end/fe_eb_submux.vhd \
      EN work/fe_ch_submux 1297948270 CP std_logic CP std_logic_vector \
      CP fe_ch_event_data_reduced_atype CP work/fe_ch_submux
FL //aristoteles/kimei/MASTER/COMPET/Compet_readout/front-end/fe_input_stimuli.vhd 2011/02/17.11:38:23 K.39
EN work/fe_input_stimuli 1297948290 \
      FL //aristoteles/kimei/MASTER/COMPET/Compet_readout/front-end/fe_input_stimuli.vhd \
      PB ieee/std_logic_1164 1217055545 PH ieee/NUMERIC_STD 1217055545 \
      PH work/constants 1297948224 PH work/types 1297948229
AR work/fe_input_stimuli/rtl 1297948291 \
      FL //aristoteles/kimei/MASTER/COMPET/Compet_readout/front-end/fe_input_stimuli.vhd \
      EN work/fe_input_stimuli 1297948290
FL //aristoteles/kimei/MASTER/COMPET/Compet_readout/shared/a2s.vhd 2011/02/04.11:56:17 K.39
EN work/a2s 1297948303 \
      FL //aristoteles/kimei/MASTER/COMPET/Compet_readout/shared/a2s.vhd \
      PB ieee/std_logic_1164 1217055545 PH ieee/NUMERIC_STD 1217055545 \
      PH work/constants 1297948224 PH work/types 1297948229
AR work/a2s/rtl 1297948304 \
      FL //aristoteles/kimei/MASTER/COMPET/Compet_readout/shared/a2s.vhd \
      EN work/a2s 1297948303
FL //aristoteles/kimei/MASTER/COMPET/Compet_readout/shared/components.vhd 2011/02/17.10:12:51 K.39
PH work/components 1297948298 \
      FL //aristoteles/kimei/MASTER/COMPET/Compet_readout/shared/components.vhd \
      PB ieee/std_logic_1164 1217055545 PH ieee/NUMERIC_STD 1217055545 LB unisim \
      PH unisim/VCOMPONENTS 1217055545 PH work/constants 1297948224 PH work/types 1297948229 \
      CD cru CD a2s CD fe CD UDP_IP_Core CD system CD fe_ch CD fe_ch_iserdes \
      CD fe_ch_pargen CD fe_ch_fifo CD fe_input_stimuli CD fe_cotrg_proc \
      CD fe_FIFO_toUDP CD fe_ch_buf CD chipscope CD BuildEventsToShipOut
FL //aristoteles/kimei/MASTER/COMPET/Compet_readout/shared/constants.vhd 2011/02/17.14:02:33 K.39
PH work/constants 1297948224 \
      FL //aristoteles/kimei/MASTER/COMPET/Compet_readout/shared/constants.vhd \
      PB ieee/std_logic_1164 1217055545 PH ieee/NUMERIC_STD 1217055545
FL //aristoteles/kimei/MASTER/COMPET/Compet_readout/shared/functions.vhd 2011/02/04.11:56:17 K.39
PH work/functions 1297948256 \
      FL //aristoteles/kimei/MASTER/COMPET/Compet_readout/shared/functions.vhd \
      PB ieee/std_logic_1164 1217055545 PH ieee/NUMERIC_STD 1217055545 \
      PH work/constants 1297948224 PH work/types 1297948229
PB work/functions 1297948257 \
      FL //aristoteles/kimei/MASTER/COMPET/Compet_readout/shared/functions.vhd \
      PH work/functions 1297948256
FL //aristoteles/kimei/MASTER/COMPET/Compet_readout/shared/shift.vhd 2011/02/04.11:56:17 K.39
EN work/shift 1297948260 \
      FL //aristoteles/kimei/MASTER/COMPET/Compet_readout/shared/shift.vhd \
      PB ieee/std_logic_1164 1217055545 PH ieee/NUMERIC_STD 1217055545 \
      PH work/constants 1297948224 PH work/types 1297948229
AR work/shift/rtl 1297948261 \
      FL //aristoteles/kimei/MASTER/COMPET/Compet_readout/shared/shift.vhd \
      EN work/shift 1297948260 CP std_logic_vector
FL //aristoteles/kimei/MASTER/COMPET/Compet_readout/shared/types.vhd 2011/02/04.11:56:17 K.39
PH work/types 1297948229 \
      FL //aristoteles/kimei/MASTER/COMPET/Compet_readout/shared/types.vhd \
      PB ieee/std_logic_1164 1217055545 PH ieee/NUMERIC_STD 1217055545 \
      PH work/constants 1297948224
FL //aristoteles/kimei/MASTER/COMPET/Compet_readout/UDP_MR/ALLOW_ZERO_UDP_CHECKSUM.vhd 2011/02/17.11:38:22 K.39
EN work/ALLOW_ZERO_UDP_CHECKSUM 1297948244 \
      FL //aristoteles/kimei/MASTER/COMPET/Compet_readout/UDP_MR/ALLOW_ZERO_UDP_CHECKSUM.vhd \
      PB ieee/std_logic_1164 1217055545 PB ieee/std_logic_arith 1217055546 \
      PB ieee/STD_LOGIC_UNSIGNED 1217055547
AR work/ALLOW_ZERO_UDP_CHECKSUM/Behavioral 1297948245 \
      FL //aristoteles/kimei/MASTER/COMPET/Compet_readout/UDP_MR/ALLOW_ZERO_UDP_CHECKSUM.vhd \
      EN work/ALLOW_ZERO_UDP_CHECKSUM 1297948244
FL //aristoteles/kimei/MASTER/COMPET/Compet_readout/UDP_MR/COUNTER_11B_EN_RECEIV.vhd 2011/02/17.11:38:22 K.39
EN work/COUNTER_11B_EN_RECEIV 1297948234 \
      FL //aristoteles/kimei/MASTER/COMPET/Compet_readout/UDP_MR/COUNTER_11B_EN_RECEIV.vhd \
      PB ieee/std_logic_1164 1217055545 PB ieee/std_logic_arith 1217055546 \
      PB ieee/STD_LOGIC_UNSIGNED 1217055547
AR work/COUNTER_11B_EN_RECEIV/Behavioral 1297948235 \
      FL //aristoteles/kimei/MASTER/COMPET/Compet_readout/UDP_MR/COUNTER_11B_EN_RECEIV.vhd \
      EN work/COUNTER_11B_EN_RECEIV 1297948234
FL //aristoteles/kimei/MASTER/COMPET/Compet_readout/UDP_MR/COUNTER_11B_EN_TRANS.vhd 2011/02/17.11:38:22 K.39
EN work/COUNTER_11B_EN_TRANS 1297948227 \
      FL //aristoteles/kimei/MASTER/COMPET/Compet_readout/UDP_MR/COUNTER_11B_EN_TRANS.vhd \
      PB ieee/std_logic_1164 1217055545 PB ieee/std_logic_arith 1217055546 \
      PB ieee/STD_LOGIC_UNSIGNED 1217055547
AR work/COUNTER_11B_EN_TRANS/Behavioral 1297948228 \
      FL //aristoteles/kimei/MASTER/COMPET/Compet_readout/UDP_MR/COUNTER_11B_EN_TRANS.vhd \
      EN work/COUNTER_11B_EN_TRANS 1297948227
FL //aristoteles/kimei/MASTER/COMPET/Compet_readout/UDP_MR/COUNTER_6B_LUT_FIFO_MODE.vhd 2011/02/17.11:38:22 K.39
EN work/COUNTER_6B_LUT_FIFO_MODE 1297948225 \
      FL //aristoteles/kimei/MASTER/COMPET/Compet_readout/UDP_MR/COUNTER_6B_LUT_FIFO_MODE.vhd \
      PB ieee/std_logic_1164 1217055545 PB ieee/std_logic_arith 1217055546 \
      PB ieee/STD_LOGIC_UNSIGNED 1217055547
AR work/COUNTER_6B_LUT_FIFO_MODE/Behavioral 1297948226 \
      FL //aristoteles/kimei/MASTER/COMPET/Compet_readout/UDP_MR/COUNTER_6B_LUT_FIFO_MODE.vhd \
      EN work/COUNTER_6B_LUT_FIFO_MODE 1297948225
FL //aristoteles/kimei/MASTER/COMPET/Compet_readout/UDP_MR/ENABLE_USER_DATA_TRANSMISSION.vhd 2011/02/17.11:38:22 K.39
EN work/ENABLE_USER_DATA_TRANSMISSION 1297948246 \
      FL //aristoteles/kimei/MASTER/COMPET/Compet_readout/UDP_MR/ENABLE_USER_DATA_TRANSMISSION.vhd \
      PB ieee/std_logic_1164 1217055545 PB ieee/std_logic_arith 1217055546 \
      PB ieee/STD_LOGIC_UNSIGNED 1217055547
AR work/ENABLE_USER_DATA_TRANSMISSION/Behavioral 1297948247 \
      FL //aristoteles/kimei/MASTER/COMPET/Compet_readout/UDP_MR/ENABLE_USER_DATA_TRANSMISSION.vhd \
      EN work/ENABLE_USER_DATA_TRANSMISSION 1297948246
FL //aristoteles/kimei/MASTER/COMPET/Compet_readout/UDP_MR/IPV4_LUT_INDEXER.vhd 2011/02/17.11:38:22 K.39
EN work/IPV4_LUT_INDEXER 1297948240 \
      FL //aristoteles/kimei/MASTER/COMPET/Compet_readout/UDP_MR/IPV4_LUT_INDEXER.vhd \
      PB ieee/std_logic_1164 1217055545 PB ieee/std_logic_arith 1217055546 \
      PB ieee/STD_LOGIC_UNSIGNED 1217055547
AR work/IPV4_LUT_INDEXER/Behavioral 1297948241 \
      FL //aristoteles/kimei/MASTER/COMPET/Compet_readout/UDP_MR/IPV4_LUT_INDEXER.vhd \
      EN work/IPV4_LUT_INDEXER 1297948240 CP comp_6b_equal \
      CP COUNTER_6B_LUT_FIFO_MODE
FL //aristoteles/kimei/MASTER/COMPET/Compet_readout/UDP_MR/IPv4_PACKET_RECEIVER.vhd 2011/02/17.11:38:22 K.39
EN work/IPv4_PACKET_RECEIVER 1297948264 \
      FL //aristoteles/kimei/MASTER/COMPET/Compet_readout/UDP_MR/IPv4_PACKET_RECEIVER.vhd \
      PB ieee/std_logic_1164 1217055545 PB ieee/std_logic_arith 1217055546 \
      PB ieee/STD_LOGIC_UNSIGNED 1217055547
AR work/IPv4_PACKET_RECEIVER/Behavioral 1297948265 \
      FL //aristoteles/kimei/MASTER/COMPET/Compet_readout/UDP_MR/IPv4_PACKET_RECEIVER.vhd \
      EN work/IPv4_PACKET_RECEIVER 1297948264 CP PACKET_RECEIVER_FSM \
      CP REG_8b_wren CP COUNTER_11B_EN_RECEIV CP Comp_11b_equal
FL //aristoteles/kimei/MASTER/COMPET/Compet_readout/UDP_MR/IPV4_PACKET_TRANSMITTER.vhd 2011/02/17.11:38:22 K.39
EN work/IPV4_PACKET_TRANSMITTER 1297948262 \
      FL //aristoteles/kimei/MASTER/COMPET/Compet_readout/UDP_MR/IPV4_PACKET_TRANSMITTER.vhd \
      PB ieee/std_logic_1164 1217055545 PB ieee/std_logic_arith 1217055546 \
      PB ieee/STD_LOGIC_UNSIGNED 1217055547
AR work/IPV4_PACKET_TRANSMITTER/Behavioral 1297948263 \
      FL //aristoteles/kimei/MASTER/COMPET/Compet_readout/UDP_MR/IPV4_PACKET_TRANSMITTER.vhd \
      EN work/IPV4_PACKET_TRANSMITTER 1297948262 CP TARGET_EOF CP REG_16B_WREN \
      CP IPV4_LUT_INDEXER CP dist_mem_64x8 CP OVERRIDE_LUT_CONTROL \
      CP ALLOW_ZERO_UDP_CHECKSUM CP ENABLE_USER_DATA_TRANSMISSION
FL //aristoteles/kimei/MASTER/COMPET/Compet_readout/UDP_MR/OVERRIDE_LUT_CONTROL.vhd 2011/02/17.11:38:22 K.39
EN work/OVERRIDE_LUT_CONTROL 1297948242 \
      FL //aristoteles/kimei/MASTER/COMPET/Compet_readout/UDP_MR/OVERRIDE_LUT_CONTROL.vhd \
      PB ieee/std_logic_1164 1217055545 PB ieee/std_logic_arith 1217055546 \
      PB ieee/STD_LOGIC_UNSIGNED 1217055547
AR work/OVERRIDE_LUT_CONTROL/Behavioral 1297948243 \
      FL //aristoteles/kimei/MASTER/COMPET/Compet_readout/UDP_MR/OVERRIDE_LUT_CONTROL.vhd \
      EN work/OVERRIDE_LUT_CONTROL 1297948242 CP comp_6b_equal
FL //aristoteles/kimei/MASTER/COMPET/Compet_readout/UDP_MR/PACKET_RECEIVER_FSM.vhd 2011/02/17.11:38:22 K.39
EN work/PACKET_RECEIVER_FSM 1297948230 \
      FL //aristoteles/kimei/MASTER/COMPET/Compet_readout/UDP_MR/PACKET_RECEIVER_FSM.vhd \
      PB ieee/std_logic_1164 1217055545 PB ieee/std_logic_arith 1217055546 \
      PB ieee/STD_LOGIC_UNSIGNED 1217055547
AR work/PACKET_RECEIVER_FSM/Behavioral 1297948231 \
      FL //aristoteles/kimei/MASTER/COMPET/Compet_readout/UDP_MR/PACKET_RECEIVER_FSM.vhd \
      EN work/PACKET_RECEIVER_FSM 1297948230
FL //aristoteles/kimei/MASTER/COMPET/Compet_readout/UDP_MR/REG_16B_WREN.vhd 2011/02/17.11:38:22 K.39
EN work/REG_16B_WREN 1297948238 \
      FL //aristoteles/kimei/MASTER/COMPET/Compet_readout/UDP_MR/REG_16B_WREN.vhd \
      PB ieee/std_logic_1164 1217055545 PB ieee/std_logic_arith 1217055546 \
      PB ieee/STD_LOGIC_UNSIGNED 1217055547
AR work/REG_16B_WREN/Behavioral 1297948239 \
      FL //aristoteles/kimei/MASTER/COMPET/Compet_readout/UDP_MR/REG_16B_WREN.vhd \
      EN work/REG_16B_WREN 1297948238
FL //aristoteles/kimei/MASTER/COMPET/Compet_readout/UDP_MR/REG_8b_wren.vhd 2011/02/17.11:38:22 K.39
EN work/REG_8b_wren 1297948232 \
      FL //aristoteles/kimei/MASTER/COMPET/Compet_readout/UDP_MR/REG_8b_wren.vhd \
      PB ieee/std_logic_1164 1217055545 PB ieee/std_logic_arith 1217055546 \
      PB ieee/STD_LOGIC_UNSIGNED 1217055547
AR work/REG_8b_wren/Behavioral 1297948233 \
      FL //aristoteles/kimei/MASTER/COMPET/Compet_readout/UDP_MR/REG_8b_wren.vhd \
      EN work/REG_8b_wren 1297948232
FL //aristoteles/kimei/MASTER/COMPET/Compet_readout/UDP_MR/TARGET_EOF.vhd 2011/02/17.11:38:22 K.39
EN work/TARGET_EOF 1297948236 \
      FL //aristoteles/kimei/MASTER/COMPET/Compet_readout/UDP_MR/TARGET_EOF.vhd \
      PB ieee/std_logic_1164 1217055545 PB ieee/std_logic_arith 1217055546 \
      PB ieee/STD_LOGIC_UNSIGNED 1217055547
AR work/TARGET_EOF/Behavioral 1297948237 \
      FL //aristoteles/kimei/MASTER/COMPET/Compet_readout/UDP_MR/TARGET_EOF.vhd \
      EN work/TARGET_EOF 1297948236 CP COUNTER_11B_EN_TRANS CP Comp_11b_equal
FL //aristoteles/kimei/MASTER/COMPET/Compet_readout/UDP_MR/UDP_IP_Core.vhd 2011/02/17.11:38:22 K.39
EN work/UDP_IP_Core 1297948282 \
      FL //aristoteles/kimei/MASTER/COMPET/Compet_readout/UDP_MR/UDP_IP_Core.vhd \
      PB ieee/std_logic_1164 1217055545 PB ieee/std_logic_arith 1217055546 \
      PB ieee/STD_LOGIC_UNSIGNED 1217055547
AR work/UDP_IP_Core/Behavioral 1297948283 \
      FL //aristoteles/kimei/MASTER/COMPET/Compet_readout/UDP_MR/UDP_IP_Core.vhd \
      EN work/UDP_IP_Core 1297948282 CP IPV4_PACKET_TRANSMITTER \
      CP IPv4_PACKET_RECEIVER
FL "//vmware-host/shared folders/compet_readout/compet_readout/chipscope/core.vhd" 2010/12/13.10:19:47 K.39
FL "//vmware-host/shared folders/compet_readout/compet_readout/chipscope/core_sim.vhd" 2010/12/13.10:19:47 K.39
FL "//vmware-host/shared folders/compet_readout/compet_readout/ClkRst/cru.vhd" 2010/12/13.10:19:47 K.39
FL "//vmware-host/shared folders/compet_readout/compet_readout/COMPET_Readout/BuildEventsToShipOut.vhd" 2010/12/13.10:19:47 K.39
FL "//vmware-host/shared folders/compet_readout/compet_readout/COMPET_Readout/eth_fifo_8.vhd" 2010/12/13.10:19:47 K.39
FL "//vmware-host/shared folders/compet_readout/compet_readout/COMPET_Readout/fe_FIFO_toUDP.vhd" 2010/12/13.10:19:47 K.39
FL "//vmware-host/shared folders/compet_readout/compet_readout/COMPET_Readout/GlobalEventTrigger_FIFO.vhd" 2010/12/13.10:19:47 K.39
FL "//vmware-host/shared folders/compet_readout/compet_readout/COMPET_Readout/gmii_if.vhd" 2010/12/13.10:19:47 K.39
FL "//vmware-host/shared folders/compet_readout/compet_readout/COMPET_Readout/pll_all.vhd" 2010/12/13.10:29:51 K.39
FL "//vmware-host/shared folders/compet_readout/compet_readout/COMPET_Readout/rx_client_fifo_8.vhd" 2010/12/13.10:19:47 K.39
FL "//vmware-host/shared folders/compet_readout/compet_readout/COMPET_Readout/top.vhd" 2010/12/13.10:19:47 K.39
FL "//vmware-host/shared folders/compet_readout/compet_readout/COMPET_Readout/tx_client_fifo_8.vhd" 2010/12/13.10:19:47 K.39
FL "//vmware-host/shared folders/compet_readout/compet_readout/COMPET_Readout/v5_emac_v1_5.vhd" 2010/12/13.10:19:47 K.39
FL "//vmware-host/shared folders/compet_readout/compet_readout/COMPET_Readout/v5_emac_v1_5_block.vhd" 2010/12/13.10:19:47 K.39
FL "//vmware-host/shared folders/compet_readout/compet_readout/COMPET_Readout/v5_emac_v1_5_example_design.vhd" 2010/12/13.10:19:47 K.39
FL "//vmware-host/shared folders/compet_readout/compet_readout/COMPET_Readout/v5_emac_v1_5_locallink.vhd" 2010/12/13.10:19:47 K.39
FL "//vmware-host/shared folders/compet_readout/compet_readout/front-end/BuildEventsFifo.vhd" 2010/12/13.10:19:47 K.39
FL "//vmware-host/shared folders/compet_readout/compet_readout/front-end/fe.vhd" 2010/12/13.10:19:47 K.39
FL "//vmware-host/shared folders/compet_readout/compet_readout/front-end/fe_ch.vhd" 2010/12/13.10:19:47 K.39
FL "//vmware-host/shared folders/compet_readout/compet_readout/front-end/fe_ch_buf.vhd" 2010/12/13.10:19:47 K.39
FL "//vmware-host/shared folders/compet_readout/compet_readout/front-end/fe_ch_fifo.vhd" 2010/12/13.10:19:47 K.39
FL "//vmware-host/shared folders/compet_readout/compet_readout/front-end/fe_ch_iserdes.vhd" 2010/12/13.10:19:47 K.39
FL "//vmware-host/shared folders/compet_readout/compet_readout/front-end/fe_ch_pargen.vhd" 2010/12/13.10:19:47 K.39
FL "//vmware-host/shared folders/compet_readout/compet_readout/front-end/fe_cotrg_processing.vhd" 2010/12/13.10:19:47 K.39
FL "//vmware-host/shared folders/compet_readout/compet_readout/front-end/fe_eb.vhd" 2010/12/13.10:19:47 K.39
FL "//vmware-host/shared folders/compet_readout/compet_readout/front-end/fe_eb_submux.vhd" 2010/12/13.10:19:47 K.39
FL "//vmware-host/shared folders/compet_readout/compet_readout/front-end/fe_input_stimuli.vhd" 2010/12/13.10:19:47 K.39
FL "//vmware-host/shared folders/compet_readout/compet_readout/shared/a2s.vhd" 2010/12/13.10:19:47 K.39
FL "//vmware-host/shared folders/compet_readout/compet_readout/shared/components.vhd" 2010/12/13.10:19:47 K.39
FL "//vmware-host/shared folders/compet_readout/compet_readout/shared/constants.vhd" 2010/12/13.10:19:47 K.39
FL "//vmware-host/shared folders/compet_readout/compet_readout/shared/functions.vhd" 2010/12/13.10:19:47 K.39
FL "//vmware-host/shared folders/compet_readout/compet_readout/shared/shift.vhd" 2010/12/13.10:19:47 K.39
FL "//vmware-host/shared folders/compet_readout/compet_readout/shared/types.vhd" 2010/12/13.10:19:47 K.39
FL "//vmware-host/shared folders/compet_readout/compet_readout/UDP_MR/ALLOW_ZERO_UDP_CHECKSUM.vhd" 2010/12/13.10:19:47 K.39
FL "//vmware-host/shared folders/compet_readout/compet_readout/UDP_MR/COUNTER_11B_EN_RECEIV.vhd" 2010/12/13.10:19:47 K.39
FL "//vmware-host/shared folders/compet_readout/compet_readout/UDP_MR/COUNTER_11B_EN_TRANS.vhd" 2010/12/13.10:19:47 K.39
FL "//vmware-host/shared folders/compet_readout/compet_readout/UDP_MR/COUNTER_6B_LUT_FIFO_MODE.vhd" 2010/12/13.10:19:47 K.39
FL "//vmware-host/shared folders/compet_readout/compet_readout/UDP_MR/ENABLE_USER_DATA_TRANSMISSION.vhd" 2010/12/13.10:19:47 K.39
FL "//vmware-host/shared folders/compet_readout/compet_readout/UDP_MR/IPV4_LUT_INDEXER.vhd" 2010/12/13.10:19:47 K.39
FL "//vmware-host/shared folders/compet_readout/compet_readout/UDP_MR/IPv4_PACKET_RECEIVER.vhd" 2010/12/13.10:19:47 K.39
FL "//vmware-host/shared folders/compet_readout/compet_readout/UDP_MR/IPV4_PACKET_TRANSMITTER.vhd" 2010/12/13.10:19:47 K.39
FL "//vmware-host/shared folders/compet_readout/compet_readout/UDP_MR/OVERRIDE_LUT_CONTROL.vhd" 2010/12/13.10:19:47 K.39
FL "//vmware-host/shared folders/compet_readout/compet_readout/UDP_MR/PACKET_RECEIVER_FSM.vhd" 2010/12/13.10:19:47 K.39
FL "//vmware-host/shared folders/compet_readout/compet_readout/UDP_MR/REG_16B_WREN.vhd" 2010/12/13.10:19:47 K.39
FL "//vmware-host/shared folders/compet_readout/compet_readout/UDP_MR/REG_8b_wren.vhd" 2010/12/13.10:19:47 K.39
FL "//vmware-host/shared folders/compet_readout/compet_readout/UDP_MR/TARGET_EOF.vhd" 2010/12/13.10:19:47 K.39
FL "//vmware-host/shared folders/compet_readout/compet_readout/UDP_MR/UDP_IP_Core.vhd" 2010/12/13.10:19:47 K.39
FL /media/disk2/COMPET_readout/compet_readout/chipscope/core_sim.vhd 2010/12/13.10:19:47 K.39
FL /media/disk2/COMPET_readout/compet_readout/ClkRst/cru.vhd 2010/12/13.10:19:47 K.39
FL /media/disk2/COMPET_readout/compet_readout/COMPET_Readout/BuildEventsToShipOut.vhd 2010/12/13.10:19:47 K.39
FL /media/disk2/COMPET_readout/compet_readout/COMPET_Readout/eth_fifo_8.vhd 2010/12/13.10:19:47 K.39
FL /media/disk2/COMPET_readout/compet_readout/COMPET_Readout/fe_FIFO_toUDP.vhd 2010/12/13.10:19:47 K.39
FL /media/disk2/COMPET_readout/compet_readout/COMPET_Readout/GlobalEventTrigger_FIFO.vhd 2010/12/13.10:19:47 K.39
FL /media/disk2/COMPET_readout/compet_readout/COMPET_Readout/gmii_if.vhd 2010/12/13.10:19:47 K.39
FL /media/disk2/COMPET_readout/compet_readout/COMPET_Readout/pll_all.vhd 2010/12/13.10:29:51 K.39
FL /media/disk2/COMPET_readout/compet_readout/COMPET_Readout/rx_client_fifo_8.vhd 2010/12/13.10:19:47 K.39
FL /media/disk2/COMPET_readout/compet_readout/COMPET_Readout/top.vhd 2010/12/13.10:19:47 K.39
FL /media/disk2/COMPET_readout/compet_readout/COMPET_Readout/tx_client_fifo_8.vhd 2010/12/13.10:19:47 K.39
FL /media/disk2/COMPET_readout/compet_readout/COMPET_Readout/v5_emac_v1_5.vhd 2010/12/13.10:19:47 K.39
FL /media/disk2/COMPET_readout/compet_readout/COMPET_Readout/v5_emac_v1_5_block.vhd 2010/12/13.10:19:47 K.39
FL /media/disk2/COMPET_readout/compet_readout/COMPET_Readout/v5_emac_v1_5_example_design.vhd 2010/12/13.10:19:47 K.39
FL /media/disk2/COMPET_readout/compet_readout/COMPET_Readout/v5_emac_v1_5_locallink.vhd 2010/12/13.10:19:47 K.39
FL /media/disk2/COMPET_readout/compet_readout/front-end/BuildEventsFifo.vhd 2010/12/13.10:19:47 K.39
FL /media/disk2/COMPET_readout/compet_readout/front-end/fe.vhd 2010/12/13.10:19:47 K.39
FL /media/disk2/COMPET_readout/compet_readout/front-end/fe_ch.vhd 2010/12/13.10:19:47 K.39
FL /media/disk2/COMPET_readout/compet_readout/front-end/fe_ch_buf.vhd 2010/12/13.10:19:47 K.39
FL /media/disk2/COMPET_readout/compet_readout/front-end/fe_ch_fifo.vhd 2010/12/13.10:19:47 K.39
FL /media/disk2/COMPET_readout/compet_readout/front-end/fe_ch_iserdes.vhd 2010/12/13.10:19:47 K.39
FL /media/disk2/COMPET_readout/compet_readout/front-end/fe_ch_pargen.vhd 2010/12/13.10:19:47 K.39
FL /media/disk2/COMPET_readout/compet_readout/front-end/fe_cotrg_processing.vhd 2010/12/13.10:19:47 K.39
FL /media/disk2/COMPET_readout/compet_readout/front-end/fe_eb.vhd 2010/12/13.10:19:47 K.39
FL /media/disk2/COMPET_readout/compet_readout/front-end/fe_eb_submux.vhd 2010/12/13.10:19:47 K.39
FL /media/disk2/COMPET_readout/compet_readout/front-end/fe_input_stimuli.vhd 2010/12/13.10:19:47 K.39
FL /media/disk2/COMPET_readout/compet_readout/shared/a2s.vhd 2010/12/13.10:19:47 K.39
FL /media/disk2/COMPET_readout/compet_readout/shared/components.vhd 2010/12/13.10:19:47 K.39
FL /media/disk2/COMPET_readout/compet_readout/shared/constants.vhd 2010/12/13.10:19:47 K.39
FL /media/disk2/COMPET_readout/compet_readout/shared/functions.vhd 2010/12/13.10:19:47 K.39
FL /media/disk2/COMPET_readout/compet_readout/shared/shift.vhd 2010/12/13.10:19:47 K.39
FL /media/disk2/COMPET_readout/compet_readout/shared/types.vhd 2010/12/13.10:19:47 K.39
FL /media/disk2/COMPET_readout/compet_readout/UDP_MR/ALLOW_ZERO_UDP_CHECKSUM.vhd 2010/12/13.10:19:47 K.39
FL /media/disk2/COMPET_readout/compet_readout/UDP_MR/COUNTER_11B_EN_RECEIV.vhd 2010/12/13.10:19:47 K.39
FL /media/disk2/COMPET_readout/compet_readout/UDP_MR/COUNTER_11B_EN_TRANS.vhd 2010/12/13.10:19:47 K.39
FL /media/disk2/COMPET_readout/compet_readout/UDP_MR/COUNTER_6B_LUT_FIFO_MODE.vhd 2010/12/13.10:19:47 K.39
FL /media/disk2/COMPET_readout/compet_readout/UDP_MR/ENABLE_USER_DATA_TRANSMISSION.vhd 2010/12/13.10:19:47 K.39
FL /media/disk2/COMPET_readout/compet_readout/UDP_MR/IPV4_LUT_INDEXER.vhd 2010/12/13.10:19:47 K.39
FL /media/disk2/COMPET_readout/compet_readout/UDP_MR/IPv4_PACKET_RECEIVER.vhd 2010/12/13.10:19:47 K.39
FL /media/disk2/COMPET_readout/compet_readout/UDP_MR/IPV4_PACKET_TRANSMITTER.vhd 2010/12/13.10:19:47 K.39
FL /media/disk2/COMPET_readout/compet_readout/UDP_MR/OVERRIDE_LUT_CONTROL.vhd 2010/12/13.10:19:47 K.39
FL /media/disk2/COMPET_readout/compet_readout/UDP_MR/PACKET_RECEIVER_FSM.vhd 2010/12/13.10:19:47 K.39
FL /media/disk2/COMPET_readout/compet_readout/UDP_MR/REG_16B_WREN.vhd 2010/12/13.10:19:47 K.39
FL /media/disk2/COMPET_readout/compet_readout/UDP_MR/REG_8b_wren.vhd 2010/12/13.10:19:47 K.39
FL /media/disk2/COMPET_readout/compet_readout/UDP_MR/TARGET_EOF.vhd 2010/12/13.10:19:47 K.39
FL /media/disk2/COMPET_readout/compet_readout/UDP_MR/UDP_IP_Core.vhd 2010/12/13.10:19:47 K.39
FL D:/avnet_50LXT/COMPET_readout/git/compet_readout/chipscope/core.vhd 2010/12/13.14:57:03 K.39
FL D:/avnet_50LXT/COMPET_readout/git/compet_readout/chipscope/core_sim.vhd 2010/12/14.14:19:59 K.39
FL D:/avnet_50LXT/COMPET_readout/git/compet_readout/ClkRst/cru.vhd 2010/12/16.11:12:54 K.39
FL D:/avnet_50LXT/COMPET_readout/git/compet_readout/COMPET_Readout/BuildEventsToShipOut.vhd 2011/01/06.14:48:37 K.39
FL D:/avnet_50LXT/COMPET_readout/git/compet_readout/COMPET_Readout/eth_fifo_8.vhd 2010/12/13.14:57:02 K.39
FL D:/avnet_50LXT/COMPET_readout/git/compet_readout/COMPET_Readout/fe_FIFO_toUDP.vhd 2010/12/13.14:57:02 K.39
FL D:/avnet_50LXT/COMPET_readout/git/compet_readout/COMPET_Readout/GlobalEventTrigger_FIFO.vhd 2010/12/13.14:57:02 K.39
FL D:/avnet_50LXT/COMPET_readout/git/compet_readout/COMPET_Readout/gmii_if.vhd 2010/12/13.14:57:02 K.39
FL D:/avnet_50LXT/COMPET_readout/git/compet_readout/COMPET_Readout/pll_all.vhd 2010/12/21.14:27:02 K.39
FL D:/avnet_50LXT/COMPET_readout/git/compet_readout/COMPET_Readout/rx_client_fifo_8.vhd 2010/12/13.14:57:02 K.39
FL D:/avnet_50LXT/COMPET_readout/git/compet_readout/COMPET_Readout/top.vhd 2010/12/16.12:06:37 K.39
FL D:/avnet_50LXT/COMPET_readout/git/compet_readout/COMPET_Readout/tx_client_fifo_8.vhd 2010/12/13.14:57:03 K.39
FL D:/avnet_50LXT/COMPET_readout/git/compet_readout/COMPET_Readout/v5_emac_v1_5.vhd 2010/12/13.14:57:03 K.39
FL D:/avnet_50LXT/COMPET_readout/git/compet_readout/COMPET_Readout/v5_emac_v1_5_block.vhd 2010/12/13.14:57:03 K.39
FL D:/avnet_50LXT/COMPET_readout/git/compet_readout/COMPET_Readout/v5_emac_v1_5_example_design.vhd 2010/12/14.15:08:47 K.39
FL D:/avnet_50LXT/COMPET_readout/git/compet_readout/COMPET_Readout/v5_emac_v1_5_locallink.vhd 2010/12/13.14:57:03 K.39
FL D:/avnet_50LXT/COMPET_readout/git/compet_readout/front-end/BuildEventsFifo.vhd 2010/12/14.13:22:31 K.39
FL D:/avnet_50LXT/COMPET_readout/git/compet_readout/front-end/fe.vhd 2010/12/16.12:09:41 K.39
FL D:/avnet_50LXT/COMPET_readout/git/compet_readout/front-end/fe_ch.vhd 2010/12/16.12:15:02 K.39
FL D:/avnet_50LXT/COMPET_readout/git/compet_readout/front-end/fe_ch_buf.vhd 2010/12/13.14:57:03 K.39
FL D:/avnet_50LXT/COMPET_readout/git/compet_readout/front-end/fe_ch_fifo.vhd 2010/12/13.14:57:03 K.39
FL D:/avnet_50LXT/COMPET_readout/git/compet_readout/front-end/fe_ch_iserdes.vhd 2010/12/16.11:11:12 K.39
FL D:/avnet_50LXT/COMPET_readout/git/compet_readout/front-end/fe_ch_pargen.vhd 2010/12/16.12:14:56 K.39
FL D:/avnet_50LXT/COMPET_readout/git/compet_readout/front-end/fe_cotrg_processing.vhd 2010/12/13.14:57:03 K.39
FL D:/avnet_50LXT/COMPET_readout/git/compet_readout/front-end/fe_eb.vhd 2010/12/13.14:57:03 K.39
FL D:/avnet_50LXT/COMPET_readout/git/compet_readout/front-end/fe_eb_submux.vhd 2010/12/13.14:57:03 K.39
FL D:/avnet_50LXT/COMPET_readout/git/compet_readout/front-end/fe_input_stimuli.vhd 2010/12/21.14:27:38 K.39
FL D:/avnet_50LXT/COMPET_readout/git/compet_readout/shared/a2s.vhd 2010/12/13.14:57:03 K.39
FL D:/avnet_50LXT/COMPET_readout/git/compet_readout/shared/components.vhd 2010/12/16.12:15:25 K.39
FL D:/avnet_50LXT/COMPET_readout/git/compet_readout/shared/constants.vhd 2011/01/06.15:25:11 K.39
FL D:/avnet_50LXT/COMPET_readout/git/compet_readout/shared/functions.vhd 2010/12/13.14:57:03 K.39
FL D:/avnet_50LXT/COMPET_readout/git/compet_readout/shared/shift.vhd 2010/12/13.14:57:03 K.39
FL D:/avnet_50LXT/COMPET_readout/git/compet_readout/shared/types.vhd 2010/12/13.14:57:03 K.39
FL D:/avnet_50LXT/COMPET_readout/git/compet_readout/UDP_MR/ALLOW_ZERO_UDP_CHECKSUM.vhd 2010/12/13.14:57:03 K.39
FL D:/avnet_50LXT/COMPET_readout/git/compet_readout/UDP_MR/COUNTER_11B_EN_RECEIV.vhd 2010/12/13.14:57:03 K.39
FL D:/avnet_50LXT/COMPET_readout/git/compet_readout/UDP_MR/COUNTER_11B_EN_TRANS.vhd 2010/12/13.14:57:03 K.39
FL D:/avnet_50LXT/COMPET_readout/git/compet_readout/UDP_MR/COUNTER_6B_LUT_FIFO_MODE.vhd 2010/12/13.14:57:03 K.39
FL D:/avnet_50LXT/COMPET_readout/git/compet_readout/UDP_MR/ENABLE_USER_DATA_TRANSMISSION.vhd 2010/12/13.14:57:03 K.39
FL D:/avnet_50LXT/COMPET_readout/git/compet_readout/UDP_MR/IPV4_LUT_INDEXER.vhd 2010/12/13.14:57:03 K.39
FL D:/avnet_50LXT/COMPET_readout/git/compet_readout/UDP_MR/IPv4_PACKET_RECEIVER.vhd 2010/12/13.14:57:03 K.39
FL D:/avnet_50LXT/COMPET_readout/git/compet_readout/UDP_MR/IPV4_PACKET_TRANSMITTER.vhd 2010/12/13.14:57:03 K.39
FL D:/avnet_50LXT/COMPET_readout/git/compet_readout/UDP_MR/OVERRIDE_LUT_CONTROL.vhd 2010/12/13.14:57:03 K.39
FL D:/avnet_50LXT/COMPET_readout/git/compet_readout/UDP_MR/PACKET_RECEIVER_FSM.vhd 2010/12/13.14:57:03 K.39
FL D:/avnet_50LXT/COMPET_readout/git/compet_readout/UDP_MR/REG_16B_WREN.vhd 2010/12/13.14:57:03 K.39
FL D:/avnet_50LXT/COMPET_readout/git/compet_readout/UDP_MR/REG_8b_wren.vhd 2010/12/13.14:57:03 K.39
FL D:/avnet_50LXT/COMPET_readout/git/compet_readout/UDP_MR/TARGET_EOF.vhd 2010/12/13.14:57:03 K.39
FL D:/avnet_50LXT/COMPET_readout/git/compet_readout/UDP_MR/UDP_IP_Core.vhd 2010/12/13.14:57:03 K.39
