AR pll_all behavioral //aristoteles/kimei/MASTER/COMPET/sandbox/ROC_CRU_TEST/pll_all.vhd sub00/vhpl04 1298543550
EN dcm2pll NULL //aristoteles/kimei/MASTER/COMPET/sandbox/ROC_CRU_TEST/DCM2PLL.vhd sub00/vhpl05 1298543551
PH constants NULL //aristoteles/kimei/MASTER/COMPET/sandbox/ROC_CRU_TEST/constants.vhd sub00/vhpl00 1298543546
EN pll_all NULL //aristoteles/kimei/MASTER/COMPET/sandbox/ROC_CRU_TEST/pll_all.vhd sub00/vhpl03 1298543549
AR a2s rtl //aristoteles/kimei/MASTER/COMPET/sandbox/ROC_CRU_TEST/a2s.vhd sub00/vhpl08 1298543554
EN cru NULL //aristoteles/kimei/MASTER/COMPET/sandbox/ROC_CRU_TEST/cru.vhd sub00/vhpl09 1298543555
EN a2s NULL //aristoteles/kimei/MASTER/COMPET/sandbox/ROC_CRU_TEST/a2s.vhd sub00/vhpl07 1298543553
PH components NULL //aristoteles/kimei/MASTER/COMPET/sandbox/ROC_CRU_TEST/components.vhd sub00/vhpl02 1298543548
PH types NULL //aristoteles/kimei/MASTER/COMPET/Compet_readout/shared/types.vhd sub00/vhpl01 1298543547
AR dcm2pll behavioral //aristoteles/kimei/MASTER/COMPET/sandbox/ROC_CRU_TEST/DCM2PLL.vhd sub00/vhpl06 1298543552
AR cru rtl //aristoteles/kimei/MASTER/COMPET/sandbox/ROC_CRU_TEST/cru.vhd sub00/vhpl10 1298543556
